    Blocking waiting for file lock on artifact directory
   Compiling agentdesk v0.1.3 (/app)
warning: unused import: `LaunchdPlistFlavorArg`
 --> src/cli/init.rs:9:34
  |
9 |     args::{EmitLaunchdPlistArgs, LaunchdPlistFlavorArg},
  |                                  ^^^^^^^^^^^^^^^^^^^^^
  |
  = note: `#[warn(unused_imports)]` (part of `#[warn(unused)]`) on by default

warning: unused imports: `create_child_candidate_card_pg`, `load_card_final_gate_pg`, `load_card_repo_dir_pg`, `transition_card_status_pg`, and `update_card_program_current_iteration_pg`
  --> src/db/automation_candidates.rs:8:32
   |
 8 |     approve_candidate_card_pg, create_child_candidate_card_pg, load_active_...
   |                                ^^^^^^^^^^^^^^^^^^^^^^^^^^^^^^
 9 |     load_card_final_gate_pg, load_card_program_pg, load_card_repo_dir_pg,
   |     ^^^^^^^^^^^^^^^^^^^^^^^                        ^^^^^^^^^^^^^^^^^^^^^
10 |     transition_card_status_pg, update_card_program_current_iteration_pg,
   |     ^^^^^^^^^^^^^^^^^^^^^^^^^  ^^^^^^^^^^^^^^^^^^^^^^^^^^^^^^^^^^^^^^^^

warning: unused import: `ExternalDeliveryRow`
  --> src/db/scheduled_messages.rs:31:54
   |
31 | ... ExternalDeliveryFinish, ExternalDeliveryRow, NewExternalDelivery,
   |                             ^^^^^^^^^^^^^^^^^^^

warning: unused import: `crate::services::dispatches::outbox_route::parse_channel_id`
 --> src/server/routes/dispatches/mod.rs:6:16
  |
6 | pub(crate) use crate::services::dispatches::outbox_route::parse_channel_id;
  |                ^^^^^^^^^^^^^^^^^^^^^^^^^^^^^^^^^^^^^^^^^^^^^^^^^^^^^^^^^^^

warning: unused import: `outbox::use_counter_model_channel`
  --> src/server/routes/dispatches/mod.rs:23:16
   |
23 | pub(crate) use outbox::use_counter_model_channel;
   |                ^^^^^^^^^^^^^^^^^^^^^^^^^^^^^^^^^

warning: unused import: `validate_user_ids as validate_discord_mention_user_ids`
  --> src/server/routes/scheduled_messages.rs:33:5
   |
33 |     validate_user_ids as validate_discord_mention_user_ids,
   |     ^^^^^^^^^^^^^^^^^^^^^^^^^^^^^^^^^^^^^^^^^^^^^^^^^^^^^^

warning: unused imports: `Mutex` and `OnceLock`
 --> src/server/worker_registry.rs:4:22
  |
4 | use std::sync::{Arc, Mutex, OnceLock};
  |                      ^^^^^  ^^^^^^^^

warning: unused import: `serde_json::json`
  --> src/services/auto_queue/phase_gate_violations.rs:22:5
   |
22 | use serde_json::json;
   |     ^^^^^^^^^^^^^^^^

warning: unused import: `classify_catch_up_message`
   --> src/services/discord/catch_up.rs:232:5
    |
232 |     classify_catch_up_message, classify_catch_up_message_with_utility_r...
    |     ^^^^^^^^^^^^^^^^^^^^^^^^^

warning: unused imports: `CATCH_UP_TOO_OLD_NOTICE_MAX_ITEMS` and `catch_up_too_old_snippet`
   --> src/services/discord/catch_up.rs:243:5
    |
243 |     CATCH_UP_TOO_OLD_NOTICE_MAX_ITEMS, CatchUpTooOldDrop, CatchUpTooOldOu...
    |     ^^^^^^^^^^^^^^^^^^^^^^^^^^^^^^^^^
244 |     actionable_drop as catch_up_too_old_drop, catch_up_too_old_snippet,
    |                                               ^^^^^^^^^^^^^^^^^^^^^^^^

warning: unused import: `self::long_send_rollback::send_long_message_raw_with_reference_rollback`
  --> src/services/discord/formatting.rs:44:38
   |
44 | ...se self::long_send_rollback::send_long_message_raw_with_reference_rollback;
   |       ^^^^^^^^^^^^^^^^^^^^^^^^^^^^^^^^^^^^^^^^^^^^^^^^^^^^^^^^^^^^^^^^^^^^^^^

warning: unused import: `super::snapshot::WatcherStateSnapshot`
  --> src/services/discord/health/recovery.rs:18:5
   |
18 | use super::snapshot::WatcherStateSnapshot;
   |     ^^^^^^^^^^^^^^^^^^^^^^^^^^^^^^^^^^^^^

warning: unused imports: `RecordedRecapCard` and `lookup_recorded_recaps_for_channel`
  --> src/services/discord/idle_recap.rs:36:52
   |
36 |     PersistRecapMessageIdResult, RecapCardActions, RecordedRecapCard, co...
   |                                                    ^^^^^^^^^^^^^^^^^
37 |     delete_older_recorded_recaps_for_channel, delete_previous_card,
38 |     lookup_recorded_recaps_for_channel, persist_recap_message_id, post_r...
   |     ^^^^^^^^^^^^^^^^^^^^^^^^^^^^^^^^^^

warning: unused import: `InflightTurnState`
 --> src/services/discord/inflight/model/turn_kinds.rs:1:26
  |
1 | use super::{Deserialize, InflightTurnState, Serialize};
  |                          ^^^^^^^^^^^^^^^^^

warning: unused imports: `CommitError` and `DestructiveCancelPinField`
  --> src/services/discord/inflight.rs:46:5
   |
46 |     CommitError, CommitEvidence, DestructiveCancelCommitOutcome, DestructiveCancelPinField,
   |     ^^^^^^^^^^^                                                  ^^^^^^^^^^^^^^^^^^^^^^^^^

warning: unused import: `InflightEpisodeLockError`
  --> src/services/discord/inflight.rs:50:5
   |
50 |     InflightEpisodeLockError, InflightEpisodePin, LockedInflightEpisode,
   |     ^^^^^^^^^^^^^^^^^^^^^^^^

warning: unused imports: `WatcherProgressOutcome` and `WatcherRelayWatermarkOutcome`
   --> src/services/discord/inflight.rs:100:5
    |
100 |     WatcherProgressOutcome, WatcherRelayWatermarkOutcome, WatcherRelayW...
    |     ^^^^^^^^^^^^^^^^^^^^^^  ^^^^^^^^^^^^^^^^^^^^^^^^^^^^

warning: unused imports: `clear_inflight_state_if_matches_identity_in_root` and `turn_nonce_matches`
  --> src/services/discord/inflight/clear_store/mod.rs:26:5
   |
26 |     clear_inflight_state_if_matches_identity_in_root,
   |     ^^^^^^^^^^^^^^^^^^^^^^^^^^^^^^^^^^^^^^^^^^^^^^^^
...
29 |     clear_rebind_origin_inflight_state_if_matches_identity_in_root, turn_nonce_matches,
   |                                                                     ^^^^^^^^^^^^^^^^^^

warning: unused import: `delete_inflight_state_file`
  --> src/services/discord/placeholder_sweeper.rs:33:24
   |
33 |     InflightTurnState, delete_inflight_state_file, emit_reap_abandoned_r...
   |                        ^^^^^^^^^^^^^^^^^^^^^^^^^^

warning: glob import doesn't reexport anything with visibility `pub(in crate::services::discord)` because no imported item is public enough
  --> src/services/discord/relay_recovery.rs:89:16
   |
89 | pub(super) use apply::*;
   |                ^^^^^^^^
   |
note: the most public imported item is `pub(self)`
  --> src/services/discord/relay_recovery.rs:89:16
   |
89 | pub(super) use apply::*;
   |                ^^^^^^^^
   = help: reduce the glob import's visibility or increase visibility of imported items

warning: unused import: `RelaySinkOutcome`
  --> src/services/discord/session_relay_sink.rs:28:32
   |
28 |     RelaySink, RelaySinkError, RelaySinkOutcome, StreamFrame,
   |                                ^^^^^^^^^^^^^^^^

warning: unused import: `SessionRelayDelivery`
 --> src/services/discord/session_relay_sink/terminal_handoff.rs:3:43
  |
3 | use super::{SessionBoundDiscordRelaySink, SessionRelayDelivery, delivery_...
  |                                           ^^^^^^^^^^^^^^^^^^^^

warning: unused import: `idle_jsonl_payload_contains_init_event`
  --> src/services/discord/session_relay_sink.rs:56:29
   |
56 |     idle_jsonl_current_eof, idle_jsonl_payload_contains_init_event,
   |                             ^^^^^^^^^^^^^^^^^^^^^^^^^^^^^^^^^^^^^^

warning: unused imports: `rebind_initial_offset_with_floor` and `rebind_output_paths_same`
  --> src/services/discord/recovery_engine/manual_rebind/mod.rs:35:58
   |
35 | ...ter_runtime_binding, rebind_initial_offset_with_floor,
   |                         ^^^^^^^^^^^^^^^^^^^^^^^^^^^^^^^^
36 | ..._unless_forced, rebind_output_paths_same,
   |                    ^^^^^^^^^^^^^^^^^^^^^^^^

warning: unused import: `codex_tui_existing_inflight_raw_cursor`
  --> src/services/discord/recovery_engine/manual_rebind/mod.rs:40:56
   |
40 | ...s_raw_rollout, codex_tui_existing_inflight_raw_cursor,
   |                   ^^^^^^^^^^^^^^^^^^^^^^^^^^^^^^^^^^^^^^

warning: unused import: `claude_rebind_transcript_path`
   --> src/services/discord/recovery_engine.rs:153:5
    |
153 |     claude_rebind_transcript_path, resolve_rebind_runtime_state,
    |     ^^^^^^^^^^^^^^^^^^^^^^^^^^^^^

warning: unused import: `mailbox_try_start_turn_with_terminal_marker_cleanup`
  --> src/services/discord/router/mod.rs:24:5
   |
24 |     mailbox_try_start_turn_with_terminal_marker_cleanup, start_headless_...
   |     ^^^^^^^^^^^^^^^^^^^^^^^^^^^^^^^^^^^^^^^^^^^^^^^^^^^

warning: unused import: `HeadlessTurnStartStatus`
  --> src/services/discord/router/mod.rs:32:5
   |
32 |     HeadlessTurnStartStatus,
   |     ^^^^^^^^^^^^^^^^^^^^^^^

warning: unused import: `TaskNotificationContext`
 --> src/services/discord/task_notification_delivery/footer_only_marker.rs:3:28
  |
3 | use super::{TaskCardEvent, TaskNotificationContext};
  |                            ^^^^^^^^^^^^^^^^^^^^^^^

warning: unused imports: `guarded_cleanup_delivered_elsewhere_signal` and `guarded_nonterminal_delete_decision`
  --> src/services/discord/tmux_placeholder_suppression/mod.rs:22:5
   |
22 |     guarded_cleanup_delivered_elsewhere_signal, guarded_nonterminal_delete_decision,
   |     ^^^^^^^^^^^^^^^^^^^^^^^^^^^^^^^^^^^^^^^^^^  ^^^^^^^^^^^^^^^^^^^^^^^^^^^^^^^^^^^

warning: unused import: `watcher_rollover_prefixes_to_delete_on_terminal`
  --> src/services/discord/tmux_placeholder_suppression/mod.rs:30:33
   |
30 | ...r_cleanup, watcher_rollover_prefixes_to_delete_on_terminal,
   |               ^^^^^^^^^^^^^^^^^^^^^^^^^^^^^^^^^^^^^^^^^^^^^^^

warning: unused import: `super::*`
 --> src/services/discord/watchers/lifecycle/tests.rs:1:5
  |
1 | use super::*;
  |     ^^^^^^^^

warning: unused import: `self::tests::*`
  --> src/services/discord/watchers/lifecycle.rs:59:16
   |
59 | pub(super) use self::tests::*;
   |                ^^^^^^^^^^^^^^

warning: unused import: `self::ready_failure::*`
  --> src/services/discord/watchers/lifecycle.rs:64:16
   |
64 | pub(super) use self::ready_failure::*;
   |                ^^^^^^^^^^^^^^^^^^^^^^

warning: unused import: `self::restore::*`
  --> src/services/discord/watchers/lifecycle.rs:92:16
   |
92 | pub(super) use self::restore::*;
   |                ^^^^^^^^^^^^^^^^

warning: unused import: `super::*`
  --> src/services/discord/watchers/lifecycle/restore_tests.rs:1:5
   |
 1 | use super::*;
   |     ^^^^^^^^
   |
help: if this is a test module, consider adding a `#[cfg(test)]` to the containing module
  --> src/services/discord/watchers/lifecycle.rs:98:1
   |
98 | mod restore_tests;
   | ^^^^^^^^^^^^^^^^^^

warning: unused import: `self::restore_tests::*`
  --> src/services/discord/watchers/lifecycle.rs:99:16
   |
99 | pub(super) use self::restore_tests::*;
   |                ^^^^^^^^^^^^^^^^^^^^^^

warning: unused imports: `WatcherClaimIncarnation`, `claim_or_replace_watcher`, `claim_or_reuse_watcher`, and `try_claim_watcher_with_thread_parent`
  --> src/services/discord/tmux.rs:81:27
   |
81 |     ThreadFollowUpParent, WatcherClaimIncarnation, claim_or_replace_watcher,
   |                           ^^^^^^^^^^^^^^^^^^^^^^^  ^^^^^^^^^^^^^^^^^^^^^^^^
82 |     claim_or_replace_watcher_with_thread_parent, claim_or_reuse_watcher,
   |                                                  ^^^^^^^^^^^^^^^^^^^^^^
...
87 |     try_claim_watcher_with_thread_parent,
   |     ^^^^^^^^^^^^^^^^^^^^^^^^^^^^^^^^^^^^

warning: unused imports: `edit_channel_message` and `send_channel_message`
 --> src/services/discord/tmux_watcher.rs:3:38
  |
3 | ...scord::http::{edit_channel_message, send_channel_message};
  |                  ^^^^^^^^^^^^^^^^^^^^  ^^^^^^^^^^^^^^^^^^^^

warning: unused import: `watcher_send_failure_retry_plan`
 --> src/services/discord/tmux_watcher.rs:7:41
  |
7 |     watcher_rewind_attempt_disposition, watcher_send_failure_retry_plan,
  |                                         ^^^^^^^^^^^^^^^^^^^^^^^^^^^^^^^

warning: unused import: `replace_long_message_raw_deferred`
  --> src/services/discord/tmux_watcher/terminal_direct_fallback.rs:15:40
   |
15 |     DeferredReplaceLongMessageOutcome, replace_long_message_raw_deferred,
   |                                        ^^^^^^^^^^^^^^^^^^^^^^^^^^^^^^^^^

warning: unused import: `write_spawn_nonce`
   --> src/services/discord/mod.rs:135:44
    |
135 | pub(crate) use tmux::{stamp_spawn_markers, write_spawn_nonce};
    |                                            ^^^^^^^^^^^^^^^^^

warning: unused import: `LiveInflightProbe`
   --> src/services/discord/tui_direct_abort_marker/mod.rs:221:5
    |
221 |     LiveInflightProbe, ensure_marker_for_own_synthetic_turn, record_for...
    |     ^^^^^^^^^^^^^^^^^

warning: unused imports: `drain_on_terminal_commit_with_applier_and_offset`, `drain_on_terminal_commit_with_applier`, `drain_on_terminal_commit_with_offset`, and `drain_on_terminal_commit`
   --> src/services/discord/tui_direct_abort_marker/mod.rs:226:5
    |
226 |     drain_on_terminal_commit, drain_on_terminal_commit_with_applier,
    |     ^^^^^^^^^^^^^^^^^^^^^^^^  ^^^^^^^^^^^^^^^^^^^^^^^^^^^^^^^^^^^^^
227 |     drain_on_terminal_commit_with_applier_and_offset, drain_on_terminal_commit_with_offset,
    |     ^^^^^^^^^^^^^^^^^^^^^^^^^^^^^^^^^^^^^^^^^^^^^^^^  ^^^^^^^^^^^^^^^^^^^^^^^^^^^^^^^^^^^^

warning: unused imports: `load_commit_tombstones` and `record_commit_tombstone`
   --> src/services/discord/tui_direct_abort_marker/mod.rs:238:70
    |
238 | ..., gc_expired_commit_tombstones, load_all, load_commit_tombstones,
    |                                              ^^^^^^^^^^^^^^^^^^^^^^
239 | ...d, record_commit_tombstone, record_commit_tombstone_with_offset,
    |       ^^^^^^^^^^^^^^^^^^^^^^^

warning: unused import: `sweep_expired_with_applier`
   --> src/services/discord/tui_direct_abort_marker/mod.rs:244:61
    |
244 | ...eep::{sweep_expired, sweep_expired_with_applier};
    |                         ^^^^^^^^^^^^^^^^^^^^^^^^^^

warning: unused import: `mailbox_requeue_intervention_front`
 --> src/services/discord/tui_prompt_relay/bridge_gateway.rs:4:5
  |
4 |     mailbox_requeue_intervention_front, schedule_deferred_idle_queue_kick...
  |     ^^^^^^^^^^^^^^^^^^^^^^^^^^^^^^^^^^

warning: unused import: `fail_dispatch_auth_expired`
  --> src/services/discord/turn_bridge/mod.rs:91:5
   |
91 |     fail_dispatch_auth_expired, fail_dispatch_tmux_session_died, fail_di...
   |     ^^^^^^^^^^^^^^^^^^^^^^^^^^

warning: unused imports: `mailbox_cancel_active_turn_if_handoff_user_message_with_reason` and `record_voice_handoff_cancel_tombstone`
  --> src/services/discord/voice_barge_in.rs:48:5
   |
48 |     mailbox_cancel_active_turn_if_handoff_user_message_with_reason,
   |     ^^^^^^^^^^^^^^^^^^^^^^^^^^^^^^^^^^^^^^^^^^^^^^^^^^^^^^^^^^^^^^
49 |     mailbox_cancel_active_turn_with_reason, mailbox_has_active_t...
50 |     record_voice_handoff_cancel_tombstone, settings,
   |     ^^^^^^^^^^^^^^^^^^^^^^^^^^^^^^^^^^^^^

warning: unused import: `turn_dispatch::voice_background_handoff_ack`
  --> src/services/discord/voice_barge_in.rs:92:5
   |
92 | use turn_dispatch::voice_background_handoff_ack;
   |     ^^^^^^^^^^^^^^^^^^^^^^^^^^^^^^^^^^^^^^^^^^^

warning: unused import: `crate::services::codex`
   --> src/services/discord/mod.rs:241:5
    |
241 | use crate::services::codex;
    |     ^^^^^^^^^^^^^^^^^^^^^^

warning: unused import: `crate::services::gemini`
   --> src/services/discord/mod.rs:242:5
    |
242 | use crate::services::gemini;
    |     ^^^^^^^^^^^^^^^^^^^^^^^

warning: unused import: `crate::services::opencode`
   --> src/services/discord/mod.rs:243:5
    |
243 | use crate::services::opencode;
    |     ^^^^^^^^^^^^^^^^^^^^^^^^^

warning: unused import: `crate::services::qwen`
   --> src/services/discord/mod.rs:245:5
    |
245 | use crate::services::qwen;
    |     ^^^^^^^^^^^^^^^^^^^^^

warning: unused import: `lock_inflight_state_path`
   --> src/services/discord/mod.rs:260:49
    |
260 | pub(crate) use inflight::{clear_inflight_state, lock_inflight_state_path};
    |                                                 ^^^^^^^^^^^^^^^^^^^^^^^^

warning: unused import: `mailbox_take_next_soft_intervention`
   --> src/services/discord/mod.rs:270:5
    |
270 |     mailbox_take_next_soft_intervention,
    |     ^^^^^^^^^^^^^^^^^^^^^^^^^^^^^^^^^^^

warning: unused imports: `QueuePersistenceContext` and `RequeueInterventionResult`
   --> src/services/discord/mod.rs:306:5
    |
306 |     QueuePersistenceContext, RecoveryKickoffResult, RequeueInterventionResult, T...
    |     ^^^^^^^^^^^^^^^^^^^^^^^                         ^^^^^^^^^^^^^^^^^^^^^^^^^

warning: unused import: `resolve_notify_bot_user_id`
   --> src/services/discord/mod.rs:320:5
    |
320 |     resolve_notify_bot_user_id, should_phase2_recover_message,
    |     ^^^^^^^^^^^^^^^^^^^^^^^^^^

warning: unused import: `SYNTHETIC_HEADLESS_MESSAGE_ID_FLOOR`
   --> src/services/discord/mod.rs:336:5
    |
336 |     SYNTHETIC_HEADLESS_MESSAGE_ID_FLOOR, is_synthetic_headless_message_...
    |     ^^^^^^^^^^^^^^^^^^^^^^^^^^^^^^^^^^^

warning: unused import: `MementoToolFeedbackRequest`
  --> src/services/memory/mod.rs:17:45
   |
17 | ...entoRememberRequest, MementoToolFeedbackRequest, resolve_memento_agen...
   |                         ^^^^^^^^^^^^^^^^^^^^^^^^^^

warning: unused imports: `LazyLock` and `Mutex`
  --> src/services/platform/tmux.rs:11:17
   |
11 | use std::sync::{LazyLock, Mutex};
   |                 ^^^^^^^^  ^^^^^

warning: unused import: `Instant`
  --> src/services/platform/tmux.rs:12:27
   |
12 | use std::time::{Duration, Instant};
   |                           ^^^^^^^

warning: unused import: `crate::services::provider_auth::ProviderAuthSpec`
 --> src/services/provider.rs:3:5
  |
3 | use crate::services::provider_auth::ProviderAuthSpec;
  |     ^^^^^^^^^^^^^^^^^^^^^^^^^^^^^^^^^^^^^^^^^^^^^^^^

warning: unused import: `CancelSource`
 --> src/services/provider/cancel_watchdog.rs:2:13
  |
2 | use super::{CancelSource, CancelToken};
  |             ^^^^^^^^^^^^

warning: unused import: `CancelWatchdog`
  --> src/services/provider.rs:12:27
   |
12 | pub use cancel_watchdog::{CancelWatchdog, spawn_cancel_watchdog};
   |                           ^^^^^^^^^^^^^^

warning: unused import: `frozen_first_counterpart_id`
  --> src/services/provider.rs:17:5
   |
17 |     frozen_first_counterpart_id, intern_provider_id, provider_registry, ...
   |     ^^^^^^^^^^^^^^^^^^^^^^^^^^^

warning: unused import: `normalize_resume_strategy`
  --> src/services/qwen.rs:18:29
   |
18 |     build_stream_exec_args, normalize_resume_strategy, normalize_resume_...
   |                             ^^^^^^^^^^^^^^^^^^^^^^^^^

warning: unused imports: `AgentTool` and `ToolPolicy`
  --> src/services/stream_json_cli/mod.rs:15:18
   |
15 | pub use policy::{AgentTool, ConfiguredToolPolicy, ToolPolicy};
   |                  ^^^^^^^^^                        ^^^^^^^^^^

warning: unused import: `session::ProviderSessionToken`
  --> src/services/stream_json_cli/mod.rs:17:9
   |
17 | pub use session::ProviderSessionToken;
   |         ^^^^^^^^^^^^^^^^^^^^^^^^^^^^^

warning: unused import: `drain_head_overflow`
 --> src/services/turn_orchestrator/front_requeue.rs:7:36
  |
7 |     QueueExitEvent, QueueExitKind, drain_head_overflow, ensure_source_mes...
  |                                    ^^^^^^^^^^^^^^^^^^^

                                                                                                                                                                                                                                                                                                                                                                                                                                                                                                                                                                                                                                                                                                                                                                                                                                                                                                                                                                                                                                                                                                                                                                                                                                                                                                                                                                                                                                                                                                                                                                                                                                                                                                                                                                                                                                                                                                                                                                                                                                                                                                                                                                                                                                                                                                                                                                                                                                                                                                                                                                                                                                                                                                                                                                                                                                                                                                                                                                                                                                                                                                                                                                                                                                                                                                                                                                                                                                                                                                                                                                                                                                                                                                                                                                                                                                                                                                                                                                                                                                                                                                                                                                                                                                                                                                                                                                                                                                                                                                                                                                                                                                                                                                                                                                                                                                                                                                                                                                                                                                                                                                                                                                                                                                                                                                                                                                                                                                                                                                                                                                                                                                                                                                                                                                                                                                                                                                                                                                                                                                                                                                                                                                                                                                                                                                                                                                                                                                                                                                                                                                                                                                                                                                                                                                                                                                                                                                                                                                                                                                                                                                                                                                                                                                                                                                                                                                                                                                                                                                                                                                                                                                                                                                                                                                                                                                                                                                                                                                                                                                                                                                                                                                                                                                                                                                                                                                                                                                                                                                                                                                                                                                                                                                                                                                                                                                                                                                                                                                                                                                                                                                                                                                                                                                                                                                                                                                                                                                                                                                                                                                                                                                                                                                                                                                                                                                                                                                                                                                                                                                                                                                                                                                                                                                                                                                                                                                                                                                                                                                                                                                                                                                                                                                                                                                                                                                                                                                                                                                                                                                                                                                                                                                                                                                                                                                                                                                                                                                                                                                                                                                                                                                                                                                                                                                                                                                                                                                                                                                                                                                                                                                                                                                                                                                                                                                                                                                                                                                                                                                                                                                                                                                                                                                                                                                                                                                                                                                                                                                                                                                                                                                                                                                                                                                                                                                                                                                                                                                                                                                                                                                                                                                                                                                                                                                                                                                                                                                                                                                                                                                                                                                                                                                                                                                                                                                                                                                                                                                                                                                                                                                                                                                                                                                                                                                                                                                                                                                                                                                                                                                                                                                                                                                                                                                                                                                                                                                                                                                                                                                                                                                                                                                                                                                                                                                                                                                                                                                                                                                                                                                                                                                                                                                                                                                                                                                                                                                                                                                                                                                                                                                                                                                                                                                                                                                                                                                                                                                                                                                                                                                                                                                                                                                                                                                                                                                                                                                                                                                                                                                                                                                                                                                                                                                                                                                                                                                                                                                                                                                                                                                                                                                                                                                                                                                                                                                                                                                                                                                                                                                                                                                                                                                                                                                                                                                                                                                                                                                                                                                                                                                                                                                                                                                                                                                                                                                                                                                                                                                                                                                                                                                                                                                                                                                                                                                                                                                                                                                                                                                                                                                                                                                                                                                                                                                                                                                                                                                                                                                                                                                                                                                                                                                                                                                                                                                                                                                                                                                                                                                                                                                                                                                                                                                                                                                                                                                                                                                                                                                                                                                                                                                                                                                                                                                                                                                                                                                                                                                                                                                                                                                                                                                                                                                                                                                                                                                                                                                                                                                                                                                                                                                                                                                                                                                                                                                                                                                                                                                                                                                                                                                                                                                                                                                                                                                                                                                                                                                                                                                                                                                                                                                                                                                                                                                                                                                                                                                                                                                                                                                                                                                                                                                                                                                                                                                                                                                                                                                                                                                                                                                                                                                                                                                                                                                                                                                                                                                                                                                                                                                                                                                                                                                                                                                                                                                                                                                                                                                                                                                                                                                                                                                                                                                                                                                                                                                                                                                                                                                                                                                                                                                                                                                                                                                                                                                                                                                                                                                                                                                                                                                                                                                                                                                                                                                                                                                                                                                                                                                                                                                                                                                                                                                                                                                                                                                                                                                                                                                                                                                                                                                                                                                                                                                                                                                                                                                                                                                                                                                                                                                                                                                                                                                                                                                                                                                                                                                                                                                                                                                                                                                                                                                                                                                                                                                                                                                                                                                                                                                                                                                                                                                                                                                                                                                                                                                                                                                                                                                                                                                                                                                                                                                                                                                                                                                                                                                                                                                                                                                                                                                                                                                                                                                                                                                                                                                                                                                                                                                                                                                                                                                                                                                                                                                                                                                                                                                                                                                                                                                                                                                                                                                                                                                                                                                                                                                                                                                                                                                                                                                                                                                                                                                                                                                                                                                                                                                                                                                                                                                                                                                                                                                                                                                                                                                                                                                                                                                                                                                                                                                                                                                                                                                                                                                                                                                                                                                                                                                                                                                                                                                                                                                                                                                                                                                                                                                                                                                                                                                                                                                                                                                                                                                                                                                                                                                                                                                                                                                                                                                                                                                                                                                                                                                                                                                                                                                                                                                                                                                                                                                                                                                                                                                                                                                                                                                                                                                                                                                                                                                                                                                                                                                                                                                                                                                                                                                                                                                                                                                                                                                                                                                                                                                                                                                                                                        warning: value assigned to `bridge_should_emit_completion` is never read
   --> src/services/discord/turn_bridge/terminal_outcome_delivery/delivery_epilogue.rs:103:45
    |
103 |     let mut bridge_should_emit_completion = *state.bridge_should_emit_completion;
    |                                             ^^^^^^^^^^^^^^^^^^^^^^^^^^^^^^^^^^^^
    |
    = help: maybe it is overwritten before being read?

warning: value assigned to `status_panel_terminal_committed` is never read
   --> src/services/discord/turn_bridge/terminal_outcome_delivery/delivery_epilogue.rs:104:47
    |
104 |     let mut status_panel_terminal_committed = *state.status_panel_terminal_committed;
    |                                               ^^^^^^^^^^^^^^^^^^^^^^^^^^^^^^^^^^^^^^
    |
    = help: maybe it is overwritten before being read?

warning: value assigned to `full_response` is never read
  --> src/services/discord/turn_bridge/terminal_outcome_delivery/recovery_retry.rs:49:29
   |
49 |     let mut full_response = std::mem::take(state.full_response);
   |                             ^^^^^^^^^^^^^^^^^^^^^^^^^^^^^^^^^^^
   |
   = help: maybe it is overwritten before being read?

warning: variable does not need to be mutable
   --> src/services/discord/turn_bridge/mod.rs:325:13
    |
325 |         let mut terminal_empty_response_notice: Option<String> = None;
    |             ----^^^^^^^^^^^^^^^^^^^^^^^^^^^^^^
    |             |
    |             help: remove this `mut`

warning: variable does not need to be mutable
   --> src/services/discord/turn_bridge/mod.rs:338:13
    |
338 |         let mut accumulated_memory_input_tokens: u64 = bridge.memory_recall_usage.input_tokens;
    |             ----^^^^^^^^^^^^^^^^^^^^^^^^^^^^^^^
    |             |
    |             help: remove this `mut`

warning: variable does not need to be mutable
   --> src/services/discord/turn_bridge/mod.rs:339:13
    |
339 |         let mut accumulated_memory_output_tokens: u64 = bridge.memory_recall_usage.output_tokens;
    |             ----^^^^^^^^^^^^^^^^^^^^^^^^^^^^^^^^
    |             |
    |             help: remove this `mut`

warning: variable does not need to be mutable
   --> src/services/discord/turn_bridge/mod.rs:399:13
    |
399 |         let mut api_friction_reports = Vec::new();
    |             ----^^^^^^^^^^^^^^^^^^^^
    |             |
    |             help: remove this `mut`

warning: unused variable: `active_background_child_session_ids`
   --> src/services/discord/turn_bridge/mod.rs:865:13
    |
865 |         let active_background_child_session_ids =
    |             ^^^^^^^^^^^^^^^^^^^^^^^^^^^^^^^^^^^ help: if this is intentional, prefix it with an underscore: `_active_background_child_session_ids`

warning: unused variable: `pending_long_running_open_after_state_save`
   --> src/services/discord/turn_bridge/mod.rs:867:13
    |
867 |         let pending_long_running_open_after_state_save =
    |             ^^^^^^^^^^^^^^^^^^^^^^^^^^^^^^^^^^^^^^^^^^ help: if this is intentional, prefix it with an underscore: `_pending_long_running_open_after_state_save`

warning: unused variable: `pending_long_running_retarget_after_state_save`
   --> src/services/discord/turn_bridge/mod.rs:869:13
    |
869 |         let pending_long_running_retarget_after_state_save =
    |             ^^^^^^^^^^^^^^^^^^^^^^^^^^^^^^^^^^^^^^^^^^^^^^ help: if this is intentional, prefix it with an underscore: `_pending_long_running_retarget_after_state_save`

warning: unused variable: `long_running_placeholder_active`
   --> src/services/discord/turn_bridge/mod.rs:871:13
    |
871 |         let long_running_placeholder_active =
    |             ^^^^^^^^^^^^^^^^^^^^^^^^^^^^^^^ help: if this is intentional, prefix it with an underscore: `_long_running_placeholder_active`

warning: unused variable: `macos_lstart_hash`
   --> src/services/process.rs:258:59
    |
258 |     pub(crate) fn from_persisted(starttime: Option<u128>, macos_lstart_hash: Option<u128>) -> Self {
    |                                                           ^^^^^^^^^^^^^^^^^ help: if this is intentional, prefix it with an underscore: `_macos_lstart_hash`

warning: type `turn_kinds::TurnSource` is more private than the item `compact_eligible_turn_source`
  --> src/services/discord/compact_turn_authority.rs:19:1
   |
19 | pub(in crate::services) fn compact_eligible_turn_source(source: TurnSource) -> bool {
   | ^^^^^^^^^^^^^^^^^^^^^^^^^^^^^^^^^^^^^^^^^^^^^^^^^^^^^^^^^^^^^^^^^^^^^^^^^^^^^^^^^^^ function `compact_eligible_turn_source` is reachable at visibility `pub(in crate::services)`
   |
note: but type `turn_kinds::TurnSource` is only usable at visibility `pub(in crate::services::discord)`
  --> src/services/discord/inflight/model/turn_kinds.rs:22:1
   |
22 | pub(in crate::services::discord) enum TurnSource {
   | ^^^^^^^^^^^^^^^^^^^^^^^^^^^^^^^^^^^^^^^^^^^^^^^^
   = note: `#[warn(private_interfaces)]` on by default

warning: type `services::discord::inflight::model::InflightTurnState` is more private than the item `idle_tmux::idle_tmux_repair_has_unrelayed_tail_answer`
   --> src/services/discord/relay_recovery/idle_tmux.rs:394:1
    |
394 | / pub(crate) fn idle_tmux_repair_has_unrelayed_tail_answer(
395 | |     state: &super::inflight::InflightTurnState,
396 | | ) -> bool {
    | |_________^ function `idle_tmux::idle_tmux_repair_has_unrelayed_tail_answer` is reachable at visibility `pub(crate)`
    |
note: but type `services::discord::inflight::model::InflightTurnState` is only usable at visibility `pub(in crate::services::discord)`
   --> src/services/discord/inflight/model.rs:109:1
    |
109 | pub(in crate::services::discord) struct InflightTurnState {
    | ^^^^^^^^^^^^^^^^^^^^^^^^^^^^^^^^^^^^^^^^^^^^^^^^^^^^^^^^^

warning: type `AttachmentDescriptor` is more private than the item `IntakeSubmission::attachments`
  --> src/services/discord/router/intake_dispatch.rs:51:5
   |
51 |     pub(crate) attachments: Vec<message_handler::AttachmentDescriptor>,
   |     ^^^^^^^^^^^^^^^^^^^^^^^^^^^^^^^^^^^^^^^^^^^^^^^^^^^^^^^^^^^^^^^^^^ field `IntakeSubmission::attachments` is reachable at visibility `pub(in crate::services::discord)`
   |
note: but type `AttachmentDescriptor` is only usable at visibility `pub(in crate::services::discord::router)`
  --> src/services/discord/router/message_handler/attachments.rs:34:1
   |
34 | pub(in crate::services::discord::router) struct AttachmentDescriptor {
   | ^^^^^^^^^^^^^^^^^^^^^^^^^^^^^^^^^^^^^^^^^^^^^^^^^^^^^^^^^^^^^^^^^^^^

warning: type `AttachmentDescriptor` is more private than the item `prepare_admitted_live_attachments`
  --> src/services/discord/router/intake_dispatch/attachment.rs:44:1
   |
44 | / pub(crate) async fn prepare_admitted_live_attachments(
45 | |     deps: &super::super::message_handler::IntakeDeps<'_>,
46 | |     _local_permit: &LocalAdmissionPermit,
47 | |     channel_id: serenity::ChannelId,
...  |
50 | |     attachments: &[super::super::message_handler::AttachmentDescriptor],
51 | | ) -> Result<Vec<String>, super::super::super::Error> {
   | |____________________________________________________^ function `prepare_admitted_live_attachments` is reachable at visibility `pub(in crate::services::discord)`
   |
note: but type `AttachmentDescriptor` is only usable at visibility `pub(in crate::services::discord::router)`
  --> src/services/discord/router/message_handler/attachments.rs:34:1
   |
34 | pub(in crate::services::discord::router) struct AttachmentDescriptor {
   | ^^^^^^^^^^^^^^^^^^^^^^^^^^^^^^^^^^^^^^^^^^^^^^^^^^^^^^^^^^^^^^^^^^^^

warning: type `loop_poll_prologue::WatcherSourceAuthority` is more private than the item `tmux_watcher::terminal_long_chunks::deliver_long_chunks_via_controller`
   --> src/services/discord/tmux_watcher/terminal_long_chunks.rs:246:1
    |
246 | / pub(in crate::services::discord) async fn deliver_long_chunks_via_controller<
247 | |     G: TurnGateway + ?Sized,
248 | | >(
249 | |     gateway: &G,
...   |
263 | |     end: u64,
264 | | ) -> WatcherLongChunksResult {
    | |____________________________^ function `tmux_watcher::terminal_long_chunks::deliver_long_chunks_via_controller` is reachable at visibility `pub(in crate::services::discord)`
    |
note: but type `loop_poll_prologue::WatcherSourceAuthority` is only usable at visibility `pub(in crate::services::discord::tmux::tmux_watcher)`
   --> src/services/discord/tmux_watcher/loop_poll_prologue.rs:7:1
    |
  7 | pub(super) struct WatcherSourceAuthority {
    | ^^^^^^^^^^^^^^^^^^^^^^^^^^^^^^^^^^^^^^^^

warning: type `tmux_watcher::single_message_footer::WatcherCompletionFooterTerminalTarget` is more private than the item `WatcherLongChunksLocals::completion_footer_terminal_target`
   --> src/services/discord/tmux_watcher/terminal_long_chunks.rs:399:5
    |
399 | /     pub(in crate::services::discord) completion_footer_terminal_target:
400 | |         &'a mut Option<super::WatcherCompletionFooterTerminalTarget>,
    | |____________________________________________________________________^ field `WatcherLongChunksLocals::completion_footer_terminal_target` is reachable at visibility `pub(in crate::services::discord)`
    |
note: but type `tmux_watcher::single_message_footer::WatcherCompletionFooterTerminalTarget` is only usable at visibility `pub(in crate::services::discord::tmux::tmux_watcher)`
   --> src/services/discord/tmux_watcher/single_message_footer.rs:173:1
    |
173 | pub(super) struct WatcherCompletionFooterTerminalTarget {
    | ^^^^^^^^^^^^^^^^^^^^^^^^^^^^^^^^^^^^^^^^^^^^^^^^^^^^^^^

warning: type `loop_poll_prologue::WatcherSourceAuthority` is more private than the item `apply_watcher_long_chunks_controller`
   --> src/services/discord/tmux_watcher/terminal_long_chunks.rs:404:1
    |
404 | / pub(in crate::services::discord) async fn apply_watcher_long_chunks_controller(
405 | |     http: &Arc<serenity::Http>,
406 | |     shared: &Arc<SharedData>,
407 | |     provider: &ProviderKind,
...   |
422 | |     locals: WatcherLongChunksLocals<'_>,
423 | | ) {
    | |_^ function `apply_watcher_long_chunks_controller` is reachable at visibility `pub(in crate::services::discord)`
    |
note: but type `loop_poll_prologue::WatcherSourceAuthority` is only usable at visibility `pub(in crate::services::discord::tmux::tmux_watcher)`
   --> src/services/discord/tmux_watcher/loop_poll_prologue.rs:7:1
    |
  7 | pub(super) struct WatcherSourceAuthority {
    | ^^^^^^^^^^^^^^^^^^^^^^^^^^^^^^^^^^^^^^^^

warning: type `actor_state::LedgerEntry` is more private than the item `services::discord::turn_finalizer::resolve_ledger_key`
   --> src/services/discord/turn_finalizer.rs:170:1
    |
170 | / pub(super) fn resolve_ledger_key(
171 | |     ledger: &HashMap<LedgerKey, LedgerEntry>,
172 | |     key: TurnKey,
173 | | ) -> LedgerKey {
    | |______________^ function `services::discord::turn_finalizer::resolve_ledger_key` is reachable at visibility `pub(in crate::services::discord)`
    |
note: but type `actor_state::LedgerEntry` is only usable at visibility `pub(in crate::services::discord::turn_finalizer)`
   --> src/services/discord/turn_finalizer/actor_state.rs:11:1
    |
 11 | pub(super) struct LedgerEntry {
    | ^^^^^^^^^^^^^^^^^^^^^^^^^^^^^

warning: function `current_launchd_domain` is never used
  --> src/cli/dcserver.rs:46:8
   |
46 | pub fn current_launchd_domain() -> Option<String> {
   |        ^^^^^^^^^^^^^^^^^^^^^^
   |
   = note: `#[warn(dead_code)]` (part of `#[warn(unused)]`) on by default

warning: function `is_tmux_fallback_session_loaded` is never used
   --> src/cli/dcserver.rs:100:15
    |
100 | pub(crate) fn is_tmux_fallback_session_loaded(session_name: &str) -> bool {
    |               ^^^^^^^^^^^^^^^^^^^^^^^^^^^^^^^

warning: function `create_quick_restart_marker` is never used
  --> src/cli/dcserver_restart_marker.rs:69:15
   |
69 | pub(crate) fn create_quick_restart_marker(
   |               ^^^^^^^^^^^^^^^^^^^^^^^^^^^

warning: function `read_launchd_env_entries` is never used
   --> src/cli/init.rs:553:4
    |
553 | fn read_launchd_env_entries(env_file: &Path) -> Vec<(String, String)> {
    |    ^^^^^^^^^^^^^^^^^^^^^^^^

warning: function `parse_launchd_env_line` is never used
   --> src/cli/init.rs:564:4
    |
564 | fn parse_launchd_env_line(line: &str) -> Option<(String, String)> {
    |    ^^^^^^^^^^^^^^^^^^^^^^

warning: function `xml_escape` is never used
   --> src/cli/init.rs:596:4
    |
596 | fn xml_escape(value: &str) -> String {
    |    ^^^^^^^^^^

warning: multiple associated items are never used
  --> src/config/agent_channels.rs:21:12
   |
20 | impl AgentChannels {
   | ------------------ associated items in this implementation
21 |     pub fn new() -> Self {
   |            ^^^
...
33 |     pub fn get_mut(&mut self, id: &str) -> Option<&mut AgentChannel> {
   |            ^^^^^^^
...
41 |     pub fn remove(&mut self, id: &str) -> Option<AgentChannel> {
   |            ^^^^^^
...
49 |     pub fn with(mut self, id: impl AsRef<str>, channel: AgentChannel) -> Self {
   |            ^^^^
...
60 |     pub fn keys(&self) -> impl Iterator<Item = &str> {
   |            ^^^^
...
64 |     pub fn is_map_empty(&self) -> bool {
   |            ^^^^^^^^^^^^
...
80 |     pub fn upsert<F>(&mut self, id: &str, update: F)
   |            ^^^^^^

warning: field `pass_verdict` is never read
    --> src/db/auto_queue/phase_gates.rs:1173:9
     |
1170 | pub(crate) struct ParsedPhaseGateContext {
     |                   ---------------------- field in this struct
...
1173 |     pub pass_verdict: String,
     |         ^^^^^^^^^^^^
     |
     = note: `ParsedPhaseGateContext` has derived impls for the traits `Clone` and `Debug`, but these are intentionally ignored during dead code analysis

warning: function `upsert_legacy_hook_session_pg` is never used
   --> src/db/dispatched_sessions/canonical_identity.rs:167:21
    |
167 | pub(crate) async fn upsert_legacy_hook_session_pg(
    |                     ^^^^^^^^^^^^^^^^^^^^^^^^^^^^^

warning: field `resolved_session_key` is never read
   --> src/db/dispatched_sessions.rs:190:16
    |
189 | pub(crate) struct SessionRebindContext {
    |                   -------------------- field in this struct
190 |     pub(crate) resolved_session_key: String,
    |                ^^^^^^^^^^^^^^^^^^^^

warning: function `rebind_session_provider_pg` is never used
   --> src/db/dispatched_sessions.rs:283:21
    |
283 | pub(crate) async fn rebind_session_provider_pg(
    |                     ^^^^^^^^^^^^^^^^^^^^^^^^^^

warning: function `upsert_hook_session_pg` is never used
    --> src/db/dispatched_sessions.rs:2833:21
     |
2833 | pub(crate) async fn upsert_hook_session_pg(
     |                     ^^^^^^^^^^^^^^^^^^^^^^

warning: methods `variant_name` and `is_open` are never used
   --> src/db/intake_outbox_status.rs:98:25
    |
 71 | impl IntakeOutboxStatus {
    | ----------------------- methods in this implementation
...
 98 |     pub(crate) const fn variant_name(self) -> &'static str {
    |                         ^^^^^^^^^^^^
...
112 |     pub(crate) const fn is_open(self) -> bool {
    |                         ^^^^^^^

warning: function `clear_session_for_turn_target_pg` is never used
  --> src/db/kanban_cards/transitions.rs:70:14
   |
70 | pub async fn clear_session_for_turn_target_pg(
   |              ^^^^^^^^^^^^^^^^^^^^^^^^^^^^^^^^

warning: function `health_check` is never used
   --> src/db/postgres.rs:609:14
    |
609 | pub async fn health_check(pool: &PgPool) -> Result<(), String> {
    |              ^^^^^^^^^^^^

warning: field `scheduled_delivery_id` is never read
  --> src/db/scheduled_messages/external_delivery.rs:99:9
   |
97 | pub struct ClaimedExternalDelivery {
   |            ----------------------- field in this struct
98 |     pub id: Uuid,
99 |     pub scheduled_delivery_id: String,
   |         ^^^^^^^^^^^^^^^^^^^^^
   |
   = note: `ClaimedExternalDelivery` has a derived impl for the trait `Clone`, but this is intentionally ignored during dead code analysis

warning: function `set_dispatch_status_without_queue_sync_with_backends` is never used
    --> src/dispatch/dispatch_status.rs:1330:15
     |
1330 | pub(crate) fn set_dispatch_status_without_queue_sync_with_backends(
     |               ^^^^^^^^^^^^^^^^^^^^^^^^^^^^^^^^^^^^^^^^^^^^^^^^^^^^

warning: struct `SettingsErrorResponse` is never constructed
  --> src/server/dto/settings.rs:14:12
   |
14 | pub struct SettingsErrorResponse<'a> {
   |            ^^^^^^^^^^^^^^^^^^^^^

warning: function `load_dispatched_card_ids_for_runs_pg` is never used
   --> src/services/auto_queue/cancel_run.rs:165:10
    |
165 | async fn load_dispatched_card_ids_for_runs_pg(
    |          ^^^^^^^^^^^^^^^^^^^^^^^^^^^^^^^^^^^^

warning: function `observe_and_decide` is never used
   --> src/services/claude_compact_trigger.rs:140:4
    |
140 | fn observe_and_decide(
    |    ^^^^^^^^^^^^^^^^^^

warning: enum `AttachmentReadiness` is never used
  --> src/services/cluster/intake_preflight.rs:15:17
   |
15 | pub(crate) enum AttachmentReadiness {
   |                 ^^^^^^^^^^^^^^^^^^^

warning: struct `TargetPreflightPolicy` is never constructed
  --> src/services/cluster/intake_preflight.rs:28:19
   |
28 | pub(crate) struct TargetPreflightPolicy {
   |                   ^^^^^^^^^^^^^^^^^^^^^

warning: struct `TargetProbeSnapshot` is never constructed
  --> src/services/cluster/intake_preflight.rs:41:19
   |
41 | pub(crate) struct TargetProbeSnapshot {
   |                   ^^^^^^^^^^^^^^^^^^^

warning: enum `PreflightReasonCode` is never used
  --> src/services/cluster/intake_preflight.rs:65:17
   |
65 | pub(crate) enum PreflightReasonCode {
   |                 ^^^^^^^^^^^^^^^^^^^

warning: struct `PreflightFailure` is never constructed
  --> src/services/cluster/intake_preflight.rs:95:19
   |
95 | pub(crate) struct PreflightFailure {
   |                   ^^^^^^^^^^^^^^^^

warning: enum `PreflightVerdict` is never used
   --> src/services/cluster/intake_preflight.rs:102:17
    |
102 | pub(crate) enum PreflightVerdict {
    |                 ^^^^^^^^^^^^^^^^

warning: struct `TargetPreflightReport` is never constructed
   --> src/services/cluster/intake_preflight.rs:108:19
    |
108 | pub(crate) struct TargetPreflightReport {
    |                   ^^^^^^^^^^^^^^^^^^^^^

warning: method `require_ready` is never used
   --> src/services/cluster/intake_preflight.rs:119:19
    |
118 | impl TargetPreflightReport {
    | -------------------------- method in this implementation
119 |     pub(crate) fn require_ready(&self) -> Result<(), PreflightBlocked> {
    |                   ^^^^^^^^^^^^^

warning: struct `PreflightBlocked` is never constructed
   --> src/services/cluster/intake_preflight.rs:132:19
    |
132 | pub(crate) struct PreflightBlocked {
    |                   ^^^^^^^^^^^^^^^^

warning: function `push_failure` is never used
   --> src/services/cluster/intake_preflight.rs:137:4
    |
137 | fn push_failure(
    |    ^^^^^^^^^^^^

warning: function `nonempty_equal` is never used
   --> src/services/cluster/intake_preflight.rs:151:4
    |
151 | fn nonempty_equal(actual: &str, expected: &str) -> bool {
    |    ^^^^^^^^^^^^^^

warning: function `equal_when_expected` is never used
   --> src/services/cluster/intake_preflight.rs:155:4
    |
155 | fn equal_when_expected(actual: &str, expected: &str) -> bool {
    |    ^^^^^^^^^^^^^^^^^^^

warning: function `supported_provider` is never used
   --> src/services/cluster/intake_preflight.rs:159:4
    |
159 | fn supported_provider(provider: &str) -> bool {
    |    ^^^^^^^^^^^^^^^^^^

warning: function `evaluate_target_preflight` is never used
   --> src/services/cluster/intake_preflight.rs:168:15
    |
168 | pub(crate) fn evaluate_target_preflight(
    |               ^^^^^^^^^^^^^^^^^^^^^^^^^

warning: function `effective_intake_routing_config_for` is never used
   --> src/services/cluster/intake_routing_config.rs:211:4
    |
211 | fn effective_intake_routing_config_for(
    |    ^^^^^^^^^^^^^^^^^^^^^^^^^^^^^^^^^^^

warning: multiple methods are never used
   --> src/services/cluster/stream_relay.rs:409:12
    |
392 | impl RelayProducer {
    | ------------------ methods in this implementation
...
409 |     pub fn try_send_frame(&self, payload: String) -> bool {
    |            ^^^^^^^^^^^^^^
...
416 |     pub fn try_send_frame_with_sequence(&self, payload: String) -> RelaySendOutcome {
    |            ^^^^^^^^^^^^^^^^^^^^^^^^^^^^
...
420 |     pub fn try_send_frame_for_range(
    |            ^^^^^^^^^^^^^^^^^^^^^^^^
...
466 |     pub fn try_send_frame_with_sequence_and_identity(
    |            ^^^^^^^^^^^^^^^^^^^^^^^^^^^^^^^^^^^^^^^^^
...
474 |     pub fn try_send_frame_with_sequence_identity_and_generation(
    |            ^^^^^^^^^^^^^^^^^^^^^^^^^^^^^^^^^^^^^^^^^^^^^^^^^^^^
...
495 |     pub fn try_send_terminal_frame_with_sequence(
    |            ^^^^^^^^^^^^^^^^^^^^^^^^^^^^^^^^^^^^^
...
503 |     pub fn try_send_terminal_frame_with_sequence_and_generation(
    |            ^^^^^^^^^^^^^^^^^^^^^^^^^^^^^^^^^^^^^^^^^^^^^^^^^^^^

warning: variant `Unsupported` is never constructed
  --> src/services/cluster/stream_relay/identity.rs:21:5
   |
14 | pub enum GenerationSourceIdentity {
   |          ------------------------ variant in this enum
...
21 |     Unsupported {
   |     ^^^^^^^^^^^
   |
   = note: `GenerationSourceIdentity` has derived impls for the traits `Debug` and `Clone`, but these are intentionally ignored during dead code analysis

warning: function `tail_rollout_file_from_offset` is never used
   --> src/services/codex_tui/rollout_tail.rs:311:8
    |
311 | pub fn tail_rollout_file_from_offset(
    |        ^^^^^^^^^^^^^^^^^^^^^^^^^^^^^

warning: function `write_codex_tui_rollout_marker` is never used
  --> src/services/codex_tui/session.rs:81:8
   |
81 | pub fn write_codex_tui_rollout_marker(
   |        ^^^^^^^^^^^^^^^^^^^^^^^^^^^^^^

warning: function `advance_codex_tui_rollout_marker_start_offset` is never used
   --> src/services/codex_tui/session.rs:167:8
    |
167 | pub fn advance_codex_tui_rollout_marker_start_offset(
    |        ^^^^^^^^^^^^^^^^^^^^^^^^^^^^^^^^^^^^^^^^^^^^^

warning: function `check_deferred_restart` is never used
   --> src/services/discord/mod.rs:713:15
    |
713 | pub(super) fn check_deferred_restart(shared: &SharedData) {
    |               ^^^^^^^^^^^^^^^^^^^^^^

warning: function `mailbox_cancel_soft_intervention` is never used
    --> src/services/discord/mod.rs:2807:10
     |
2807 | async fn mailbox_cancel_soft_intervention(
     |          ^^^^^^^^^^^^^^^^^^^^^^^^^^^^^^^^

warning: function `abandon_drain_defers_for_live_anchor` is never used
   --> src/services/discord/abandon_request_store.rs:394:4
    |
394 | fn abandon_drain_defers_for_live_anchor(current_msg_id: Option<u64>, msg_id: u64) -> bool {
    |    ^^^^^^^^^^^^^^^^^^^^^^^^^^^^^^^^^^^^

warning: function `is_capped` is never used
   --> src/services/discord/busy_followup_retry_store.rs:269:37
    |
269 | pub(in crate::services::discord) fn is_capped(
    |                                     ^^^^^^^^^

warning: constant `LOCAL_ONLY_SLASH_COMMANDS` is never used
   --> src/services/discord/commands/tui_passthrough.rs:131:40
    |
131 | pub(in crate::services::discord) const LOCAL_ONLY_SLASH_COMMANDS: [&str; 4] =
    |                                        ^^^^^^^^^^^^^^^^^^^^^^^^^

warning: constant `OBSERVATION_ONLY_LOCAL_SLASH_COMMANDS` is never used
   --> src/services/discord/commands/tui_passthrough.rs:145:40
    |
145 | pub(in crate::services::discord) const OBSERVATION_ONLY_LOCAL_SLASH_COMMANDS: [&str; 1] =
    |                                        ^^^^^^^^^^^^^^^^^^^^^^^^^^^^^^^^^^^^^

warning: constant `COMPLETED_FOOTER_PREFIX` is never used
  --> src/services/discord/completion_footer_metadata.rs:14:7
   |
14 | const COMPLETED_FOOTER_PREFIX: &str = "-# ";
   |       ^^^^^^^^^^^^^^^^^^^^^^^

warning: constant `COMPLETED_FOOTER_SEPARATOR` is never used
  --> src/services/discord/completion_footer_metadata.rs:15:7
   |
15 | const COMPLETED_FOOTER_SEPARATOR: &str = " · ";
   |       ^^^^^^^^^^^^^^^^^^^^^^^^^^

warning: constant `MAX_MODEL_LABEL_CHARS` is never used
  --> src/services/discord/completion_footer_metadata.rs:16:7
   |
16 | const MAX_MODEL_LABEL_CHARS: usize = 48;
   |       ^^^^^^^^^^^^^^^^^^^^^

warning: constant `MAX_HOST_LABEL_CHARS` is never used
  --> src/services/discord/completion_footer_metadata.rs:17:7
   |
17 | const MAX_HOST_LABEL_CHARS: usize = 63;
   |       ^^^^^^^^^^^^^^^^^^^^

warning: struct `CompletedTurnFooterSnapshot` is never constructed
  --> src/services/discord/completion_footer_metadata.rs:20:41
   |
20 | pub(in crate::services::discord) struct CompletedTurnFooterSnapshot {
   |                                         ^^^^^^^^^^^^^^^^^^^^^^^^^^^

warning: function `render_completed_turn_footer` is never used
  --> src/services/discord/completion_footer_metadata.rs:29:37
   |
29 | pub(in crate::services::discord) fn render_completed_turn_footer(
   |                                     ^^^^^^^^^^^^^^^^^^^^^^^^^^^^

warning: function `format_compact_elapsed` is never used
  --> src/services/discord/completion_footer_metadata.rs:64:4
   |
64 | fn format_compact_elapsed(total_secs: u64) -> String {
   |    ^^^^^^^^^^^^^^^^^^^^^^

warning: function `format_compact_tokens` is never used
  --> src/services/discord/completion_footer_metadata.rs:81:4
   |
81 | fn format_compact_tokens(tokens: u128) -> String {
   |    ^^^^^^^^^^^^^^^^^^^^^

warning: function `context_percent_floor` is never used
   --> src/services/discord/completion_footer_metadata.rs:102:4
    |
102 | fn context_percent_floor(used: u128, window: u128) -> Option<u8> {
    |    ^^^^^^^^^^^^^^^^^^^^^

warning: function `approved_model_label` is never used
   --> src/services/discord/completion_footer_metadata.rs:117:4
    |
117 | fn approved_model_label(value: &str, approved_model_ids: &[String]) -> Option<String> {
    |    ^^^^^^^^^^^^^^^^^^^^

warning: function `is_valid_approved_model_id` is never used
   --> src/services/discord/completion_footer_metadata.rs:127:4
    |
127 | fn is_valid_approved_model_id(value: &str) -> bool {
    |    ^^^^^^^^^^^^^^^^^^^^^^^^^^

warning: function `sanitize_host_label` is never used
   --> src/services/discord/completion_footer_metadata.rs:134:4
    |
134 | fn sanitize_host_label(value: &str) -> Option<String> {
    |    ^^^^^^^^^^^^^^^^^^^

warning: function `sanitize_bounded_label` is never used
   --> src/services/discord/completion_footer_metadata.rs:142:4
    |
142 | fn sanitize_bounded_label(value: &str, max_chars: usize, allow_model_dots: bool) -> Option<String> {
    |    ^^^^^^^^^^^^^^^^^^^^^^

warning: function `contains_private_identity_label` is never used
   --> src/services/discord/completion_footer_metadata.rs:164:4
    |
164 | fn contains_private_identity_label(value: &str) -> bool {
    |    ^^^^^^^^^^^^^^^^^^^^^^^^^^^^^^^

warning: function `looks_like_uuid` is never used
   --> src/services/discord/completion_footer_metadata.rs:172:4
    |
172 | fn looks_like_uuid(value: &str) -> bool {
    |    ^^^^^^^^^^^^^^^

warning: function `looks_like_fqdn` is never used
   --> src/services/discord/completion_footer_metadata.rs:179:4
    |
179 | fn looks_like_fqdn(value: &str) -> bool {
    |    ^^^^^^^^^^^^^^^

warning: function `resolve_notify_bot_user_id` is never used
   --> src/services/discord/dispatch_policy.rs:493:43
    |
493 | pub(in crate::services::discord) async fn resolve_notify_bot_user_id(
    |                                           ^^^^^^^^^^^^^^^^^^^^^^^^^^

warning: enum `RequiredReferenceRollbackError` is never used
  --> src/services/discord/formatting/long_send_rollback.rs:21:39
   |
21 | pub(in crate::services::discord) enum RequiredReferenceRollbackError {
   |                                       ^^^^^^^^^^^^^^^^^^^^^^^^^^^^^^

warning: method `as_error` is never used
  --> src/services/discord/formatting/long_send_rollback.rs:29:41
   |
28 | impl RequiredReferenceRollbackError {
   | ----------------------------------- method in this implementation
29 |     pub(in crate::services::discord) fn as_error(&self) -> &(dyn std::error::Error + 'static) {
   |                                         ^^^^^^^^

warning: function `send_long_message_raw_with_required_reference_rollback` is never used
   --> src/services/discord/formatting/long_send_rollback.rs:130:43
    |
130 | pub(in crate::services::discord) async fn send_long_message_raw_with_required_reference_rollback(
    |                                           ^^^^^^^^^^^^^^^^^^^^^^^^^^^^^^^^^^^^^^^^^^^^^^^^^^^^^^

warning: function `send_long_message_raw_with_reference_rollback` is never used
   --> src/services/discord/formatting/long_send_rollback.rs:163:43
    |
163 | pub(in crate::services::discord) async fn send_long_message_raw_with_reference_rollback(
    |                                           ^^^^^^^^^^^^^^^^^^^^^^^^^^^^^^^^^^^^^^^^^^^^^

warning: field `advanced_at_unix_secs` is never read
   --> src/services/discord/health/liveness_authority.rs:105:38
    |
101 | pub(in crate::services::discord) struct CaptureAssessment {
    |                                         ----------------- field in this struct
...
105 |     pub(in crate::services::discord) advanced_at_unix_secs: Option<i64>,
    |                                      ^^^^^^^^^^^^^^^^^^^^^
    |
    = note: `CaptureAssessment` has derived impls for the traits `Debug` and `Clone`, but these are intentionally ignored during dead code analysis

warning: fields `coordinate` and `published_at_unix_secs` are never read
   --> src/services/discord/health/liveness_authority.rs:177:38
    |
173 | pub(in crate::services::discord) struct ProducerLivenessVerdict {
    |                                         ----------------------- fields in this struct
...
177 |     pub(in crate::services::discord) coordinate: CaptureCoordinateObservation,
    |                                      ^^^^^^^^^^
...
181 |     pub(in crate::services::discord) published_at_unix_secs: i64,
    |                                      ^^^^^^^^^^^^^^^^^^^^^^
    |
    = note: `ProducerLivenessVerdict` has derived impls for the traits `Debug` and `Clone`, but these are intentionally ignored during dead code analysis

warning: method `authorizes_destructive_action` is never used
   --> src/services/discord/health/reachability/composite.rs:219:41
    |
174 | impl RelayVerdict {
    | ----------------- method in this implementation
...
219 |     pub(in crate::services::discord) fn authorizes_destructive_action(&self) -> bool {
    |                                         ^^^^^^^^^^^^^^^^^^^^^^^^^^^^^

warning: method `severity` is never used
   --> src/services/discord/health/reachability/external_verdict.rs:171:8
    |
165 | impl ExternalRelayVerdict {
    | ------------------------- method in this implementation
...
171 |     fn severity(self) -> Option<u8> {
    |        ^^^^^^^^

warning: function `worsen` is never used
   --> src/services/discord/health/reachability/external_verdict.rs:192:37
    |
192 | pub(in crate::services::discord) fn worsen(
    |                                     ^^^^^^

warning: function `write_ledger_at` is never used
   --> src/services/discord/health/reachability/ledger.rs:337:37
    |
337 | pub(in crate::services::discord) fn write_ledger_at(
    |                                     ^^^^^^^^^^^^^^^

warning: function `append_ledger_at` is never used
   --> src/services/discord/health/reachability/ledger.rs:429:37
    |
429 | pub(in crate::services::discord) fn append_ledger_at(
    |                                     ^^^^^^^^^^^^^^^^

warning: function `retire_ledger_at` is never used
   --> src/services/discord/health/reachability/ledger.rs:523:37
    |
523 | pub(in crate::services::discord) fn retire_ledger_at(
    |                                     ^^^^^^^^^^^^^^^^

warning: constant `CANONICAL_SCHEMA_HEADER` is never used
   --> src/services/discord/health/reachability/obligation.rs:103:40
    |
103 | pub(in crate::services::discord) const CANONICAL_SCHEMA_HEADER: &str =
    |                                        ^^^^^^^^^^^^^^^^^^^^^^^

warning: constant `CANONICAL_NEXT_OFFSET_KEY` is never used
   --> src/services/discord/health/reachability/obligation.rs:108:40
    |
108 | pub(in crate::services::discord) const CANONICAL_NEXT_OFFSET_KEY: &str = "next_offset";
    |                                        ^^^^^^^^^^^^^^^^^^^^^^^^^

warning: method `as_canonical_str` is never used
   --> src/services/discord/health/reachability/obligation.rs:161:41
    |
153 | impl ObligationReason {
    | --------------------- method in this implementation
...
161 |     pub(in crate::services::discord) fn as_canonical_str(self) -> &'static str {
    |                                         ^^^^^^^^^^^^^^^^

warning: method `obligations` is never used
   --> src/services/discord/health/reachability/obligation.rs:211:41
    |
209 | impl ObligationScan {
    | ------------------- method in this implementation
210 |     /// The obligation-producing records, in file order.
211 |     pub(in crate::services::discord) fn obligations(
    |                                         ^^^^^^^^^^^

warning: function `encode_canonical` is never used
   --> src/services/discord/health/reachability/obligation.rs:395:37
    |
395 | pub(in crate::services::discord) fn encode_canonical(scan: &ObligationScan) -> String {
    |                                     ^^^^^^^^^^^^^^^^

warning: variant `UnreleasedDeliveryLease` is never constructed
  --> src/services/discord/health/reachability/verdict.rs:83:5
   |
81 | pub(in crate::services::discord) enum TransportUnknownEvidence {
   |                                       ------------------------ variant in this enum
82 |     /// A delivery lease for this incarnation was taken and never released.
83 |     UnreleasedDeliveryLease,
   |     ^^^^^^^^^^^^^^^^^^^^^^^
   |
   = note: `TransportUnknownEvidence` has derived impls for the traits `Clone` and `Debug`, but these are intentionally ignored during dead code analysis

warning: methods `authorizes_redelivery` and `authorizes_destructive_action` are never used
   --> src/services/discord/health/reachability/verdict.rs:169:41
    |
143 | impl ReachabilityVerdict {
    | ------------------------ methods in this implementation
...
169 |     pub(in crate::services::discord) fn authorizes_redelivery(&self) -> bool {
    |                                         ^^^^^^^^^^^^^^^^^^^^^
...
187 |     pub(in crate::services::discord) fn authorizes_destructive_action(&self) -> bool {
    |                                         ^^^^^^^^^^^^^^^^^^^^^^^^^^^^^

warning: function `force_clean_should_preserve_resume_selector` is never used
  --> src/services/discord/health/recovery/watchdog_decisions.rs:44:15
   |
44 | pub(crate) fn force_clean_should_preserve_resume_selector(
   |               ^^^^^^^^^^^^^^^^^^^^^^^^^^^^^^^^^^^^^^^^^^^

warning: function `apply_watchdog_orphan_token_cleanup` is never used
   --> src/services/discord/health/relay_auto_heal.rs:310:21
    |
310 | pub(super) async fn apply_watchdog_orphan_token_cleanup(
    |                     ^^^^^^^^^^^^^^^^^^^^^^^^^^^^^^^^^^^

warning: function `relay_offset_unchanged_past_backlog_grace` is never used
   --> src/services/discord/health/stall_liveness.rs:856:4
    |
856 | fn relay_offset_unchanged_past_backlog_grace(relay_observation: &OffsetObservationResult) -> bool {
    |    ^^^^^^^^^^^^^^^^^^^^^^^^^^^^^^^^^^^^^^^^^

warning: function `complete_force_clean_watcher_recovery` is never used
   --> src/services/discord/health/watcher_respawn.rs:144:21
    |
144 | pub(super) async fn complete_force_clean_watcher_recovery(
    |                     ^^^^^^^^^^^^^^^^^^^^^^^^^^^^^^^^^^^^^

warning: function `release_stale_mailbox_ownership_after_force_clean` is never used
   --> src/services/discord/health/watcher_respawn.rs:253:21
    |
253 | pub(super) async fn release_stale_mailbox_ownership_after_force_clean(
    |                     ^^^^^^^^^^^^^^^^^^^^^^^^^^^^^^^^^^^^^^^^^^^^^^^^^

warning: function `remember_watcher_absence_offset_floor` is never used
   --> src/services/discord/health/watcher_respawn.rs:434:4
    |
434 | fn remember_watcher_absence_offset_floor(
    |    ^^^^^^^^^^^^^^^^^^^^^^^^^^^^^^^^^^^^^

warning: method `bound_status_panel_generation` is never used
  --> src/services/discord/inflight/ownership_ops.rs:87:41
   |
82 | impl StatusPanelBindOutcome {
   | --------------------------- method in this implementation
...
87 |     pub(in crate::services::discord) fn bound_status_panel_generation(self) -> Option<u64> {
   |                                         ^^^^^^^^^^^^^^^^^^^^^^^^^^^^^

warning: function `clear_inflight_state_if_matches_identity_in_root` is never used
 --> src/services/discord/inflight/clear_store/identity.rs:3:37
  |
3 | pub(in crate::services::discord) fn clear_inflight_state_if_matches_identity_in_root(
  |                                     ^^^^^^^^^^^^^^^^^^^^^^^^^^^^^^^^^^^^^^^^^^^^^^^^

warning: function `save_stream_tick_state_preserving_current_message_races_in_root` is never used
   --> src/services/discord/inflight/save_store/identity_gate/stream_loop_patch.rs:117:47
    |
117 | pub(in crate::services::discord::inflight) fn save_stream_tick_state_preserving_current_message_races_in_root(
    |                                               ^^^^^^^^^^^^^^^^^^^^^^^^^^^^^^^^^^^^^^^^^^^^^^^^^^^^^^^^^^^^^^^

warning: function `save_stream_tick_state_if_bridge_authority_in_root` is never used
   --> src/services/discord/inflight/save_store/identity_gate/stream_loop_patch.rs:137:47
    |
137 | pub(in crate::services::discord::inflight) fn save_stream_tick_state_if_bridge_authority_in_root(
    |                                               ^^^^^^^^^^^^^^^^^^^^^^^^^^^^^^^^^^^^^^^^^^^^^^^^^^

warning: function `catalog_from_raw_sources` is never used
   --> src/services/discord/model_catalog/claude.rs:358:4
    |
358 | fn catalog_from_raw_sources(
    |    ^^^^^^^^^^^^^^^^^^^^^^^^

warning: function `write_confirmed_frontier_guarded_at` is never used
   --> src/services/discord/outbound/delivery_record.rs:662:4
    |
662 | fn write_confirmed_frontier_guarded_at(
    |    ^^^^^^^^^^^^^^^^^^^^^^^^^^^^^^^^^^^

warning: function `write_confirmed_delivery` is never used
   --> src/services/discord/outbound/delivery_record.rs:803:37
    |
803 | pub(in crate::services::discord) fn write_confirmed_delivery(
    |                                     ^^^^^^^^^^^^^^^^^^^^^^^^

warning: function `shadow_mirror_same_channel_frontier_with_body` is never used
    --> src/services/discord/outbound/delivery_record.rs:2560:37
     |
2560 | pub(in crate::services::discord) fn shadow_mirror_same_channel_frontier_with_body(
     |                                     ^^^^^^^^^^^^^^^^^^^^^^^^^^^^^^^^^^^^^^^^^^^^^

warning: method `ensure_active_incarnation` is never used
   --> src/services/discord/placeholder_controller.rs:373:25
    |
282 | impl PlaceholderController {
    | -------------------------- method in this implementation
...
373 |     pub(super) async fn ensure_active_incarnation<G: TurnGateway + ?Sized>(
    |                         ^^^^^^^^^^^^^^^^^^^^^^^^^

warning: method `channel_id` is never used
   --> src/services/discord/placeholder_controller/queued_card_gate.rs:115:41
    |
114 | impl QueuedCardTeardown {
    | ----------------------- method in this implementation
115 |     pub(in crate::services::discord) fn channel_id(&self) -> ChannelId {
    |                                         ^^^^^^^^^^

warning: function `render_activity_line` is never used
  --> src/services/discord/placeholder_live_events/freshness.rs:77:15
   |
77 | pub(super) fn render_activity_line(status: &DerivedStatus) -> String {
   |               ^^^^^^^^^^^^^^^^^^^^

warning: function `should_inject` is never used
  --> src/services/discord/prompt_builder/channel_recent_context.rs:95:15
   |
95 | pub(super) fn should_inject<T>(
   |               ^^^^^^^^^^^^^

warning: function `workspace_has_agentdesk_docs` is never used
  --> src/services/discord/prompt_builder/layer_rendering.rs:48:15
   |
48 | pub(super) fn workspace_has_agentdesk_docs(current_path: &str) -> bool {
   |               ^^^^^^^^^^^^^^^^^^^^^^^^^^^^

warning: function `mailbox_take_next_soft_intervention` is never used
   --> src/services/discord/queue_dispatch.rs:124:21
    |
124 | pub(super) async fn mailbox_take_next_soft_intervention(
    |                     ^^^^^^^^^^^^^^^^^^^^^^^^^^^^^^^^^^^

warning: method `mark_readopted_mailbox_owner_finished` is never used
   --> src/services/discord/readopted_mailbox_ledger.rs:143:41
    |
 91 | impl SharedData {
    | --------------- method in this implementation
...
143 |     pub(in crate::services::discord) fn mark_readopted_mailbox_owner_finished(
    |                                         ^^^^^^^^^^^^^^^^^^^^^^^^^^^^^^^^^^^^^

warning: associated constants `AUTOMATIC` and `ALL` are never used
   --> src/services/discord/relay_recovery.rs:161:11
    |
160 | impl AxisBSite {
    | -------------- associated constants in this implementation
161 |     const AUTOMATIC: [Self; 8] = [
    |           ^^^^^^^^^
...
172 |     const ALL: [Self; 9] = [
    |           ^^^

warning: function `queue_open_alert_once` is never used
   --> src/services/discord/relay_recovery_circuit_breaker.rs:556:21
    |
556 | pub(super) async fn queue_open_alert_once(
    |                     ^^^^^^^^^^^^^^^^^^^^^

warning: function `queue_open_alert_once_with_enqueue` is never used
   --> src/services/discord/relay_recovery_circuit_breaker.rs:576:21
    |
576 | pub(super) async fn queue_open_alert_once_with_enqueue(
    |                     ^^^^^^^^^^^^^^^^^^^^^^^^^^^^^^^^^^

warning: associated items `from_decisions` and `preserves_monotone_relaxation` are never used
   --> src/services/discord/relay_recovery/decision.rs:152:41
    |
149 | impl AxisBDiff {
    | -------------- associated items in this implementation
...
152 |     pub(in crate::services::discord) fn from_decisions(
    |                                         ^^^^^^^^^^^^^^
...
181 |     pub(in crate::services::discord) fn preserves_monotone_relaxation(self) -> bool {
    |                                         ^^^^^^^^^^^^^^^^^^^^^^^^^^^^^

warning: function `idle_jsonl_should_retry_without_dedup_shared` is never used
  --> src/services/discord/session_relay_sink/idle_jsonl.rs:42:15
   |
42 | pub(super) fn idle_jsonl_should_retry_without_dedup_shared<T>(
   |               ^^^^^^^^^^^^^^^^^^^^^^^^^^^^^^^^^^^^^^^^^^^^

warning: enum `ShadowClassification` is never used
   --> src/services/discord/session_relay_sink/journal.rs:431:17
    |
431 | pub(super) enum ShadowClassification { CandidateDelivered, SettledWithoutTransport, Unknown, ObservationGap }
    |                 ^^^^^^^^^^^^^^^^^^^^

warning: function `classify_shadow_observation` is never used
   --> src/services/discord/session_relay_sink/journal.rs:638:15
    |
638 | pub(super) fn classify_shadow_observation(events: &[JournalEvent], grace_elapsed: bool) -> ShadowClassification {
    |               ^^^^^^^^^^^^^^^^^^^^^^^^^^^

warning: function `persist_codex_tui_rebind_rollout_cursor` is never used
   --> src/services/discord/recovery_engine/rebind_runtime.rs:367:4
    |
367 | fn persist_codex_tui_rebind_rollout_cursor(
    |    ^^^^^^^^^^^^^^^^^^^^^^^^^^^^^^^^^^^^^^^

warning: function `codex_tui_rebind_prompt_replay_start_offset` is never used
   --> src/services/discord/recovery_engine/manual_rebind/codex_tui_replay.rs:151:15
    |
151 | pub(crate) fn codex_tui_rebind_prompt_replay_start_offset(
    |               ^^^^^^^^^^^^^^^^^^^^^^^^^^^^^^^^^^^^^^^^^^^

warning: function `settle_restart_in_root` is never used
   --> src/services/discord/restart_report.rs:303:15
    |
303 | pub(super) fn settle_restart_in_root(
    |               ^^^^^^^^^^^^^^^^^^^^^^

warning: function `clear_if_current_in_root` is never used
   --> src/services/discord/status_panel_singleton_store.rs:142:4
    |
142 | fn clear_if_current_in_root(
    |    ^^^^^^^^^^^^^^^^^^^^^^^^

warning: function `clear_if_current` is never used
   --> src/services/discord/status_panel_singleton_store.rs:173:37
    |
173 | pub(in crate::services::discord) fn clear_if_current(
    |                                     ^^^^^^^^^^^^^^^^

warning: struct `Candidate` is never constructed
 --> src/services/discord/status_panel_transition_v2.rs:8:19
  |
8 | pub(super) struct Candidate {
  |                   ^^^^^^^^^

warning: method `is_valid` is never used
  --> src/services/discord/status_panel_transition_v2.rs:17:8
   |
16 | impl Candidate {
   | -------------- method in this implementation
17 |     fn is_valid(self) -> bool {
   |        ^^^^^^^^

warning: enum `ProtectionEvidence` is never used
  --> src/services/discord/status_panel_transition_v2.rs:32:17
   |
32 | pub(super) enum ProtectionEvidence {
   |                 ^^^^^^^^^^^^^^^^^^

warning: struct `BindGuard` is never constructed
  --> src/services/discord/status_panel_transition_v2.rs:40:19
   |
40 | pub(super) struct BindGuard {
   |                   ^^^^^^^^^

warning: method `is_complete_for` is never used
  --> src/services/discord/status_panel_transition_v2.rs:50:8
   |
49 | impl BindGuard {
   | -------------- method in this implementation
50 |     fn is_complete_for(self, candidate: Candidate) -> bool {
   |        ^^^^^^^^^^^^^^^

warning: struct `BoundPanel` is never constructed
  --> src/services/discord/status_panel_transition_v2.rs:62:19
   |
62 | pub(super) struct BoundPanel {
   |                   ^^^^^^^^^^

warning: enum `FailurePhase` is never used
  --> src/services/discord/status_panel_transition_v2.rs:67:17
   |
67 | pub(super) enum FailurePhase {
   |                 ^^^^^^^^^^^^

warning: enum `FailureReason` is never used
  --> src/services/discord/status_panel_transition_v2.rs:76:17
   |
76 | pub(super) enum FailureReason {
   |                 ^^^^^^^^^^^^^

warning: enum `QuarantineReason` is never used
  --> src/services/discord/status_panel_transition_v2.rs:83:17
   |
83 | pub(super) enum QuarantineReason {
   |                 ^^^^^^^^^^^^^^^^

warning: enum `JournalState` is never used
  --> src/services/discord/status_panel_transition_v2.rs:94:17
   |
94 | pub(super) enum JournalState {
   |                 ^^^^^^^^^^^^

warning: associated items `prepared` and `is_terminal` are never used
   --> src/services/discord/status_panel_transition_v2.rs:123:19
    |
122 | impl JournalState {
    | ----------------- associated items in this implementation
123 |     pub(super) fn prepared(candidate: Candidate) -> Self {
    |                   ^^^^^^^^
...
127 |     fn is_terminal(self) -> bool {
    |        ^^^^^^^^^^^

warning: enum `TransitionEvent` is never used
   --> src/services/discord/status_panel_transition_v2.rs:136:17
    |
136 | pub(super) enum TransitionEvent {
    |                 ^^^^^^^^^^^^^^^

warning: enum `TransitionError` is never used
   --> src/services/discord/status_panel_transition_v2.rs:155:17
    |
155 | pub(super) enum TransitionError {
    |                 ^^^^^^^^^^^^^^^

warning: function `transition` is never used
   --> src/services/discord/status_panel_transition_v2.rs:163:15
    |
163 | pub(super) fn transition(
    |               ^^^^^^^^^^

warning: function `recovery_bind_is_authorized` is never used
   --> src/services/discord/status_panel_transition_v2.rs:215:15
    |
215 | pub(super) fn recovery_bind_is_authorized(state: JournalState) -> bool {
    |               ^^^^^^^^^^^^^^^^^^^^^^^^^^^

warning: function `deletion_is_authorized` is never used
   --> src/services/discord/status_panel_transition_v2.rs:226:15
    |
226 | pub(super) fn deletion_is_authorized(state: JournalState, message_id: u64) -> bool {
    |               ^^^^^^^^^^^^^^^^^^^^^^

warning: function `claim_task_response_delivery` is never used
   --> src/services/discord/task_notification_delivery/mod.rs:392:43
    |
392 | pub(in crate::services::discord) async fn claim_task_response_delivery(
    |                                           ^^^^^^^^^^^^^^^^^^^^^^^^^^^^

warning: function `claim_task_response_delivery_with_recovery_key` is never used
   --> src/services/discord/task_notification_delivery/mod.rs:421:43
    |
421 | pub(in crate::services::discord) async fn claim_task_response_delivery_with_recovery_key(
    |                                           ^^^^^^^^^^^^^^^^^^^^^^^^^^^^^^^^^^^^^^^^^^^^^^

warning: associated functions `from_task_prompt` and `from_subagent_prompt` are never used
  --> src/services/discord/task_notification_delivery/terminal_identity.rs:17:41
   |
16 | impl TaskCardEvent {
   | ------------------ associated functions in this implementation
17 |     pub(in crate::services::discord) fn from_task_prompt(
   |                                         ^^^^^^^^^^^^^^^^
...
76 |     pub(in crate::services::discord) fn from_subagent_prompt(
   |                                         ^^^^^^^^^^^^^^^^^^^^

warning: function `clear_provider_session_for_retry` is never used
   --> src/services/discord/watchers/lifecycle/recovery_markers.rs:125:21
    |
125 | pub(crate) async fn clear_provider_session_for_retry(
    |                     ^^^^^^^^^^^^^^^^^^^^^^^^^^^^^^^^

warning: function `resolve_watcher_dispatch_id` is never used
 --> src/services/discord/watchers/lifecycle/output_policy.rs:3:21
  |
3 | pub(crate) async fn resolve_watcher_dispatch_id(
  |                     ^^^^^^^^^^^^^^^^^^^^^^^^^^^

warning: function `try_claim_watcher` is never used
   --> src/services/discord/watchers/lifecycle/claims.rs:256:37
    |
256 | pub(in crate::services::discord) fn try_claim_watcher(
    |                                     ^^^^^^^^^^^^^^^^^

warning: function `claim_or_reuse_watcher` is never used
   --> src/services/discord/watchers/lifecycle/claims.rs:346:37
    |
346 | pub(in crate::services::discord) fn claim_or_reuse_watcher(
    |                                     ^^^^^^^^^^^^^^^^^^^^^^

warning: function `claim_or_replace_watcher` is never used
   --> src/services/discord/watchers/lifecycle/claims.rs:379:37
    |
379 | pub(in crate::services::discord) fn claim_or_replace_watcher(
    |                                     ^^^^^^^^^^^^^^^^^^^^^^^^

warning: function `session_bound_ack_delivery_outcome` is never used
  --> src/services/discord/tmux_watcher/session_bound_ack.rs:75:15
   |
75 | pub(super) fn session_bound_ack_delivery_outcome(
   |               ^^^^^^^^^^^^^^^^^^^^^^^^^^^^^^^^^^

warning: associated functions `new` and `for_turn` are never used
  --> src/services/discord/turn_completion_events.rs:30:41
   |
29 | impl TurnCompletionEvent {
   | ------------------------ associated functions in this implementation
30 |     pub(in crate::services::discord) fn new(channel_id: ChannelId) -> Self {
   |                                         ^^^
...
38 |     pub(in crate::services::discord) fn for_turn(channel_id: ChannelId, turn_id: u64) -> Self {
   |                                         ^^^^^^^^

warning: constant `PROVIDER_OVERLOAD_MAX_RETRIES` is never used
  --> src/services/discord/tmux_overload_retry.rs:13:18
   |
13 | pub(super) const PROVIDER_OVERLOAD_MAX_RETRIES: u8 = 3;
   |                  ^^^^^^^^^^^^^^^^^^^^^^^^^^^^^

warning: enum `ProviderOverloadDecision` is never used
  --> src/services/discord/tmux_overload_retry.rs:28:17
   |
28 | pub(super) enum ProviderOverloadDecision {
   |                 ^^^^^^^^^^^^^^^^^^^^^^^^

warning: function `normalized_retry_payload_text` is never used
  --> src/services/discord/tmux_overload_retry.rs:37:15
   |
37 | pub(super) fn normalized_retry_payload_text(user_text: &str) -> &str {
   |               ^^^^^^^^^^^^^^^^^^^^^^^^^^^^^

warning: function `provider_overload_fingerprint` is never used
  --> src/services/discord/tmux_overload_retry.rs:47:15
   |
47 | pub(super) fn provider_overload_fingerprint(user_text: &str) -> String {
   |               ^^^^^^^^^^^^^^^^^^^^^^^^^^^^^

warning: function `provider_overload_retry_delay` is never used
  --> src/services/discord/tmux_overload_retry.rs:56:15
   |
56 | pub(super) fn provider_overload_retry_delay(attempt: u8) -> std::time::Duration {
   |               ^^^^^^^^^^^^^^^^^^^^^^^^^^^^^

warning: function `record_provider_overload_retry` is never used
   --> src/services/discord/tmux_overload_retry.rs:116:15
    |
116 | pub(super) fn record_provider_overload_retry(
    |               ^^^^^^^^^^^^^^^^^^^^^^^^^^^^^^

warning: function `schedule_provider_overload_retry` is never used
   --> src/services/discord/tmux_overload_retry.rs:152:15
    |
152 | pub(super) fn schedule_provider_overload_retry(
    |               ^^^^^^^^^^^^^^^^^^^^^^^^^^^^^^^^

warning: associated function `new` is never used
   --> src/services/discord/tmux_watcher_registry.rs:258:41
    |
257 | impl TmuxWatcherRegistry {
    | ------------------------ associated function in this implementation
258 |     pub(in crate::services::discord) fn new() -> Self {
    |                                         ^^^

warning: function `terminal_commit_covers_marker` is never used
   --> src/services/discord/tui_direct_abort_marker/mod.rs:596:15
    |
596 | pub(super) fn terminal_commit_covers_marker(
    |               ^^^^^^^^^^^^^^^^^^^^^^^^^^^^^

warning: function `terminal_commit_covers_marker_with_offset` is never used
   --> src/services/discord/tui_direct_abort_marker/mod.rs:611:4
    |
611 | fn terminal_commit_covers_marker_with_offset(
    |    ^^^^^^^^^^^^^^^^^^^^^^^^^^^^^^^^^^^^^^^^^

warning: function `drain_on_terminal_commit` is never used
  --> src/services/discord/tui_direct_abort_marker/drain.rs:14:43
   |
14 | pub(in crate::services::discord) async fn drain_on_terminal_commit(
   |                                           ^^^^^^^^^^^^^^^^^^^^^^^^

warning: function `drain_on_terminal_commit_with_offset` is never used
  --> src/services/discord/tui_direct_abort_marker/drain.rs:34:43
   |
34 | pub(in crate::services::discord) async fn drain_on_terminal_commit_with_offset(
   |                                           ^^^^^^^^^^^^^^^^^^^^^^^^^^^^^^^^^^^^

warning: function `drain_on_terminal_commit_with_applier` is never used
  --> src/services/discord/tui_direct_abort_marker/drain.rs:83:43
   |
83 | pub(in crate::services::discord) async fn drain_on_terminal_commit_with_applier(
   |                                           ^^^^^^^^^^^^^^^^^^^^^^^^^^^^^^^^^^^^^

warning: function `drain_on_terminal_commit_with_applier_and_offset` is never used
   --> src/services/discord/tui_direct_abort_marker/drain.rs:106:43
    |
106 | pub(in crate::services::discord) async fn drain_on_terminal_commit_with_applier_and_offset(
    |                                           ^^^^^^^^^^^^^^^^^^^^^^^^^^^^^^^^^^^^^^^^^^^^^^^^

warning: function `record_commit_tombstone` is never used
   --> src/services/discord/tui_direct_abort_marker/store.rs:193:37
    |
193 | pub(in crate::services::discord) fn record_commit_tombstone(
    |                                     ^^^^^^^^^^^^^^^^^^^^^^^

warning: function `record_commit_tombstone_at` is never used
   --> src/services/discord/tui_direct_abort_marker/store.rs:253:37
    |
253 | pub(in crate::services::discord) fn record_commit_tombstone_at(
    |                                     ^^^^^^^^^^^^^^^^^^^^^^^^^^

warning: function `record_commit_tombstone_at_with_offset` is never used
   --> src/services/discord/tui_direct_abort_marker/store.rs:272:37
    |
272 | pub(in crate::services::discord) fn record_commit_tombstone_at_with_offset(
    |                                     ^^^^^^^^^^^^^^^^^^^^^^^^^^^^^^^^^^^^^^

warning: function `slash_command_control_prompt_is_local_command_stdout` is never used
   --> src/services/discord/tui_prompt_relay/injected_prompt_policy.rs:189:15
    |
189 | pub(super) fn slash_command_control_prompt_is_local_command_stdout(prompt: &str) -> bool {
    |               ^^^^^^^^^^^^^^^^^^^^^^^^^^^^^^^^^^^^^^^^^^^^^^^^^^^^

warning: function `format_subagent_notification_card` is never used
   --> src/services/discord/tui_prompt_relay/injected_prompt_policy.rs:322:15
    |
322 | pub(super) fn format_subagent_notification_card(tmux_session_name: &str, prompt: &str) -> String {
    |               ^^^^^^^^^^^^^^^^^^^^^^^^^^^^^^^^^

warning: function `slash_command_control_prompt_is_caveat_only` is never used
   --> src/services/discord/tui_prompt_relay/injected_prompt_policy.rs:419:15
    |
419 | pub(super) fn slash_command_control_prompt_is_caveat_only(prompt: &str) -> bool {
    |               ^^^^^^^^^^^^^^^^^^^^^^^^^^^^^^^^^^^^^^^^^^^

warning: function `format_count_with_commas` is never used
   --> src/services/discord/tui_prompt_relay/injected_prompt_policy.rs:474:15
    |
474 | pub(super) fn format_count_with_commas(count: usize) -> String {
    |               ^^^^^^^^^^^^^^^^^^^^^^^^

warning: function `is_local_only_slash_command_prompt` is never used
  --> src/services/discord/tui_prompt_relay/observed_prompt_decision.rs:59:15
   |
59 | pub(super) fn is_local_only_slash_command_prompt(prompt: &str) -> bool {
   |               ^^^^^^^^^^^^^^^^^^^^^^^^^^^^^^^^^^

warning: function `fail_dispatch_auth_expired` is never used
   --> src/services/discord/turn_bridge/completion_guard.rs:459:43
    |
459 | pub(in crate::services::discord) async fn fail_dispatch_auth_expired(
    |                                           ^^^^^^^^^^^^^^^^^^^^^^^^^^

warning: method `as_str` is never used
  --> src/services/discord/turn_bridge/headless_delivery/durable_outbox.rs:20:8
   |
14 | impl<'a, const MAX_BYTES: usize> HeadlessSessionRoutingKey<'a, MAX_BYTES> {
   | ------------------------------------------------------------------------- method in this implementation
...
20 |     fn as_str(self) -> &'a str {
   |        ^^^^^^

warning: field `turn_key` is never read
  --> src/services/discord/turn_finalizer/actor_state.rs:26:16
   |
25 | pub(super) struct PendingCompletionAdmission {
   |                   -------------------------- field in this struct
26 |     pub(super) turn_key: TurnKey,
   |                ^^^^^^^^

warning: method `workers` is never used
   --> src/services/hang_forensics.rs:608:19
    |
606 | impl BeaconArmed {
    | ---------------- method in this implementation
607 |     /// `Some(n)` when the beacon is running on an `n`-worker runtime.
608 |     pub(crate) fn workers(self) -> Option<u64> {
    |                   ^^^^^^^

warning: associated function `default_account` is never used
  --> src/services/kakao.rs:93:12
   |
67 | impl KakaoEnvironment {
   | --------------------- associated function in this implementation
...
93 |     pub fn default_account() -> Result<String, KakaoError> {
   |            ^^^^^^^^^^^^^^^

warning: multiple fields are never read
  --> src/services/memory/mod.rs:74:9
   |
73 | pub(crate) struct CaptureRequest {
   |                   -------------- fields in this struct
74 |     pub provider: ProviderKind,
   |         ^^^^^^^^
75 |     pub role_id: String,
   |         ^^^^^^^
76 |     pub channel_id: u64,
   |         ^^^^^^^^^^
77 |     pub session_id: String,
   |         ^^^^^^^^^^
78 |     pub dispatch_id: Option<String>,
   |         ^^^^^^^^^^^
79 |     pub user_text: String,
   |         ^^^^^^^^^
80 |     pub assistant_text: String,
   |         ^^^^^^^^^^^^^^
   |
   = note: `CaptureRequest` has derived impls for the traits `Debug` and `Clone`, but these are intentionally ignored during dead code analysis

warning: struct `MementoToolFeedbackRequest` is never constructed
  --> src/services/memory/memento.rs:87:19
   |
87 | pub(crate) struct MementoToolFeedbackRequest {
   |                   ^^^^^^^^^^^^^^^^^^^^^^^^^^

warning: method `tool_feedback` is never used
   --> src/services/memory/memento.rs:519:25
    |
107 | impl MementoBackend {
    | ------------------- method in this implementation
...
519 |     pub(crate) async fn tool_feedback(
    |                         ^^^^^^^^^^^^^

warning: function `normalize_tool_feedback_trigger_type` is never used
   --> src/services/memory/memento.rs:582:4
    |
582 | fn normalize_tool_feedback_trigger_type(trigger_type: Option<String>) -> String {
    |    ^^^^^^^^^^^^^^^^^^^^^^^^^^^^^^^^^^^^

warning: struct `SessionServer` is never constructed
   --> src/services/platform/tmux.rs:650:12
    |
650 | pub struct SessionServer {
    |            ^^^^^^^^^^^^^

warning: function `list_sessions_with_server_pid` is never used
   --> src/services/platform/tmux.rs:707:8
    |
707 | pub fn list_sessions_with_server_pid() -> Result<Vec<SessionServer>, String> {
    |        ^^^^^^^^^^^^^^^^^^^^^^^^^^^^^

warning: function `parse_sessions_with_server_pid` is never used
   --> src/services/platform/tmux.rs:722:4
    |
722 | fn parse_sessions_with_server_pid(text: &str) -> Vec<SessionServer> {
    |    ^^^^^^^^^^^^^^^^^^^^^^^^^^^^^^

warning: function `get_option` is never used
   --> src/services/platform/tmux.rs:974:8
    |
974 | pub fn get_option(session_name: &str, key: &str) -> Option<String> {
    |        ^^^^^^^^^^

warning: associated function `new` is never used
   --> src/services/routines/loader.rs:187:12
    |
186 | impl RoutineScriptLoader {
    | ------------------------ associated function in this implementation
187 |     pub fn new() -> Result<Self> {
    |            ^^^

warning: function `load_single_routine_script` is never used
   --> src/services/routines/loader.rs:615:8
    |
615 | pub fn load_single_routine_script(root: &Path, path: &Path) -> Result<LoadedRoutineScript> {
    |        ^^^^^^^^^^^^^^^^^^^^^^^^^^

warning: fields `source_channel_id` and `source_session_key` are never read
  --> src/services/scheduled_messages/context_snapshot.rs:61:9
   |
59 | pub(crate) struct ContextSnapshotRow {
   |                   ------------------ fields in this struct
60 |     pub id: String,
61 |     pub source_channel_id: String,
   |         ^^^^^^^^^^^^^^^^^
62 |     pub source_session_key: Option<String>,
   |         ^^^^^^^^^^^^^^^^^^
   |
   = note: `ContextSnapshotRow` has derived impls for the traits `Clone` and `Debug`, but these are intentionally ignored during dead code analysis

warning: function `transcript_delivery_evidence` is never used
  --> src/services/scheduled_messages/evidence.rs:14:15
   |
14 | pub(super) fn transcript_delivery_evidence(
   |               ^^^^^^^^^^^^^^^^^^^^^^^^^^^^

warning: variant `AllowListed` is never constructed
  --> src/services/stream_json_cli/policy.rs:27:5
   |
24 | pub enum ToolPolicy {
   |          ---------- variant in this enum
...
27 |     AllowListed(BTreeSet<AgentTool>),
   |     ^^^^^^^^^^^
   |
   = note: `ToolPolicy` has derived impls for the traits `Debug` and `Clone`, but these are intentionally ignored during dead code analysis

warning: associated items `from_raw` and `effective_for_legacy_provider` are never used
  --> src/services/stream_json_cli/policy.rs:37:12
   |
36 | impl ConfiguredToolPolicy {
   | ------------------------- associated items in this implementation
37 |     pub fn from_raw(mode: Option<&str>, allowed_tools: Option<&[String]>) -> Result<Self, String> {
   |            ^^^^^^^^
...
84 |     pub fn effective_for_legacy_provider(&self) -> ToolPolicy {
   |            ^^^^^^^^^^^^^^^^^^^^^^^^^^^^^

warning: field `provider` is never read
  --> src/services/stream_json_cli/request.rs:16:9
   |
15 | pub struct ProviderTurnRequest {
   |            ------------------- field in this struct
16 |     pub provider: ProviderKind,
   |         ^^^^^^^^
   |
   = note: `ProviderTurnRequest` has a derived impl for the trait `Clone`, but this is intentionally ignored during dead code analysis

warning: method `is_fresh` is never used
  --> src/services/stream_json_cli/request.rs:31:12
   |
30 | impl ProviderTurnRequest {
   | ------------------------ method in this implementation
31 |     pub fn is_fresh(&self) -> bool {
   |            ^^^^^^^^

warning: function `forward_resume_candidates` is never used
   --> src/services/session_forwarding.rs:348:21
    |
348 | pub(crate) async fn forward_resume_candidates(
    |                     ^^^^^^^^^^^^^^^^^^^^^^^^^

warning: function `tmux_line_is_claude_tui_spinner_progress` is never used
   --> src/services/tmux_common.rs:511:4
    |
511 | fn tmux_line_is_claude_tui_spinner_progress(line: &str) -> bool {
    |    ^^^^^^^^^^^^^^^^^^^^^^^^^^^^^^^^^^^^^^^^

warning: function `line_has_claude_tui_spinner_status_group` is never used
   --> src/services/tmux_common.rs:733:4
    |
733 | fn line_has_claude_tui_spinner_status_group(line: &str) -> bool {
    |    ^^^^^^^^^^^^^^^^^^^^^^^^^^^^^^^^^^^^^^^^

warning: method `as_str` is never used
  --> src/services/tui_turn_state.rs:64:19
   |
51 | impl TuiReadyState {
   | ------------------ method in this implementation
...
64 |     pub(crate) fn as_str(self) -> &'static str {
   |                   ^^^^^^

warning: methods `take_next_soft`, `cancel_queued_message`, and `hard_stop` are never used
    --> src/services/turn_orchestrator.rs:1077:25
     |
 693 | impl ChannelMailboxHandle {
     | ------------------------- methods in this implementation
...
1077 |     pub(crate) async fn take_next_soft(
     |                         ^^^^^^^^^^^^^^
...
1149 |     pub(crate) async fn cancel_queued_message(
     |                         ^^^^^^^^^^^^^^^^^^^^^
...
1206 |     pub(crate) async fn hard_stop(&self) -> FinishTurnResult {
     |                         ^^^^^^^^^

warning: variants `CancelQueuedMessage` and `HardStop` are never constructed
    --> src/services/turn_orchestrator.rs:1766:5
     |
1653 | enum ChannelMailboxMsg {
     |      ----------------- variants in this enum
...
1766 |     CancelQueuedMessage {
     |     ^^^^^^^^^^^^^^^^^^^
...
1794 |     HardStop {
     |     ^^^^^^^^

warning: field `queue_exit_events` is never read
  --> src/services/turn_orchestrator/overflow.rs:34:16
   |
32 | pub(crate) struct SoftInterventionProbe {
   |                   --------------------- field in this struct
33 |     pub(crate) has_pending: bool,
34 |     pub(crate) queue_exit_events: Vec<QueueExitEvent>,
   |                ^^^^^^^^^^^^^^^^^

warning: function `internal_error` is never used
  --> src/utils/api.rs:26:15
   |
26 | pub(crate) fn internal_error(error: impl Display) -> ApiJsonResponse {
   |               ^^^^^^^^^^^^^^

warning: function `not_found` is never used
  --> src/utils/api.rs:30:15
   |
30 | pub(crate) fn not_found(message: &'static str) -> ApiJsonResponse {
   |               ^^^^^^^^^

warning: function `tail_with_ellipsis_bytes` is never used
  --> src/utils/format.rs:74:8
   |
74 | pub fn tail_with_ellipsis_bytes(text: &str, max_bytes: usize) -> String {
   |        ^^^^^^^^^^^^^^^^^^^^^^^^

warning: `agentdesk` (lib) generated 297 warnings (run `cargo fix --lib -p agentdesk` to apply 89 suggestions)
error: could not compile `agentdesk` (lib); 297 warnings emitted

Caused by:
  process didn't exit successfully: `/home/jules/.rustup/toolchains/1.94.1-x86_64-unknown-linux-gnu/bin/rustc --crate-name agentdesk --edition=2024 src/lib.rs --error-format=json --json=diagnostic-rendered-ansi,artifacts,future-incompat --crate-type lib --emit=dep-info,metadata,link -C embed-bitcode=no -C debuginfo=2 '--deny=clippy::unimplemented' '--deny=clippy::type_complexity' '--deny=clippy::too_many_arguments' '--deny=clippy::todo' '--deny=clippy::result_large_err' '--deny=clippy::large_enum_variant' '--deny=clippy::dbg_macro' '--deny=clippy::await_holding_lock' --check-cfg 'cfg(docsrs,test)' --check-cfg 'cfg(feature, values())' -C metadata=af97c27c52c1e8dd -C extra-filename=-82f33f208638b21e --out-dir /app/target/debug/deps -L dependency=/app/target/debug/deps --extern anyhow=/app/target/debug/deps/libanyhow-f36515dc2016ce88.rmeta --extern async_trait=/app/target/debug/deps/libasync_trait-ee5a13cb59ed0262.so --extern axum=/app/target/debug/deps/libaxum-bd3dc4615383524f.rmeta --extern base64=/app/target/debug/deps/libbase64-e5cc050039038c59.rmeta --extern blake3=/app/target/debug/deps/libblake3-f257cae3609aaf8b.rmeta --extern chrono=/app/target/debug/deps/libchrono-8d22f25d6338a016.rmeta --extern chrono_tz=/app/target/debug/deps/libchrono_tz-4428c36746e2dbea.rmeta --extern clap=/app/target/debug/deps/libclap-2ea0ececdee44d1a.rmeta --extern croner=/app/target/debug/deps/libcroner-95aedab9166fbb30.rmeta --extern dashmap=/app/target/debug/deps/libdashmap-26a2808bbe0c1652.rmeta --extern dirs=/app/target/debug/deps/libdirs-e86242d4325be4e7.rmeta --extern futures=/app/target/debug/deps/libfutures-d3ca4fad278763e4.rmeta --extern glob=/app/target/debug/deps/libglob-0b5d8d37a714610e.rmeta --extern hex=/app/target/debug/deps/libhex-e5ec8a81ee0bf6d9.rmeta --extern hound=/app/target/debug/deps/libhound-fa0ea15213eb4aad.rmeta --extern icu_properties=/app/target/debug/deps/libicu_properties-5a407be54a0b6ef7.rmeta --extern json5=/app/target/debug/deps/libjson5-906c483d2c163887.rmeta --extern libc=/app/target/debug/deps/liblibc-13da9567e4bf82a2.rmeta --extern notify=/app/target/debug/deps/libnotify-2598029c1af0416a.rmeta --extern poise=/app/target/debug/deps/libpoise-4bfbc99a8049fa36.rmeta --extern pulldown_cmark=/app/target/debug/deps/libpulldown_cmark-d867cd65dc51a4bb.rmeta --extern rand=/app/target/debug/deps/librand-1a1a20742f89be71.rmeta --extern regex=/app/target/debug/deps/libregex-506b1abe88e7095b.rmeta --extern reqwest=/app/target/debug/deps/libreqwest-32116d30748379e9.rmeta --extern rquickjs=/app/target/debug/deps/librquickjs-8e926437ca16d853.rmeta --extern serde=/app/target/debug/deps/libserde-4013df0603659ab3.rmeta --extern serde_json=/app/target/debug/deps/libserde_json-17393ce196220c70.rmeta --extern serde_yaml=/app/target/debug/deps/libserde_yaml-b6d931a9fe5efe12.rmeta --extern serenity=/app/target/debug/deps/libserenity-d4c961a6629c5fcd.rmeta --extern sha2=/app/target/debug/deps/libsha2-117c32d26035ffbc.rmeta --extern songbird=/app/target/debug/deps/libsongbird-05d6d298dfd51816.rmeta --extern sqlx=/app/target/debug/deps/libsqlx-d31dd3a55161fa97.rmeta --extern subtle=/app/target/debug/deps/libsubtle-ff03f4f39ef8eb54.rmeta --extern symphonia=/app/target/debug/deps/libsymphonia-5fd8b0995e6bd637.rmeta --extern textwrap=/app/target/debug/deps/libtextwrap-b6577cc6abf76b02.rmeta --extern thiserror=/app/target/debug/deps/libthiserror-6d7f09e165ac8499.rmeta --extern tokio=/app/target/debug/deps/libtokio-62fd9caa876b9f15.rmeta --extern tokio_util=/app/target/debug/deps/libtokio_util-4dc2a9300a5d7f80.rmeta --extern tower_http=/app/target/debug/deps/libtower_http-8d012bab9d20d289.rmeta --extern tracing=/app/target/debug/deps/libtracing-9cf0830476ac20b8.rmeta --extern tracing_subscriber=/app/target/debug/deps/libtracing_subscriber-efda0f6a1cba77a2.rmeta --extern unicode_normalization=/app/target/debug/deps/libunicode_normalization-433fe433c2e535c7.rmeta --extern unicode_width=/app/target/debug/deps/libunicode_width-a3375dd7a98e1dad.rmeta --extern ureq=/app/target/debug/deps/libureq-60b374e8aa2a5f7d.rmeta --extern url=/app/target/debug/deps/liburl-49f0bb6db5f52aa1.rmeta --extern uuid=/app/target/debug/deps/libuuid-0f6ac86a7ee9efbe.rmeta --extern which=/app/target/debug/deps/libwhich-c881d79401922666.rmeta -L native=/app/target/debug/build/blake3-bb3d6b0a72dc19c7/out -L native=/app/target/debug/build/blake3-bb3d6b0a72dc19c7/out -L native=/app/target/debug/build/ring-8eb36d0294369ab2/out -L native=/app/target/debug/build/rquickjs-sys-e69e83a472ed896a/out -L native=/app/target/debug/build/libopus_sys-6de36d8c6664af6f/out/lib` (signal: 9, SIGKILL: kill)
